AREA .  .ABS.
	RADIX HEX
	BASE 0000
	SIZE 0000
	ATTRIB ABS OVR
	GLOBALS
		l__HEAP	0000
		l__BSEG	0000
		l_.  .ABS.	0000
		l__GSFINAL	0000
		l__ISEG	0000
		s_.  .ABS.	0000
		s__HEADER	0000
		l__XSEG	0000
		.init	0000
		l__OVERLAY	0000
		l__LIT	0000
		l__GSINITTAIL	0001
		l__BSS	0097
		l__HEADER	01E1
		l__HOME	01F9
		s__CODE	0200
		l__BASE	025F
		l__GSINIT	1184
		l__DATA	1AA2
		l__CODE	64C7
		s__HOME	66C7
		s__BASE	68C0
		s__LIT	6B1F
		s__GSINIT	6B1F
		s__GSINITTAIL	7CA3
		s__GSFINAL	7CA4
		.OAM	C000
		s__DATA	C0A0
		s__BSS	DB42
		s__HEAP	DBD9
		s__BSEG	DBD9
		s__ISEG	DBD9
		s__XSEG	DBD9
		s__OVERLAY	DBD9
		.STACK	E000
		.refresh_OAM	FF80
AREA _CODE
	RADIX HEX
	BASE 0200
	SIZE 64C7
	ATTRIB REL CON
	GLOBALS
		_main	0200
		_opening	023A
		_print	0313
		_bkg_clean	03BA
		_sprite_clean	03D9
		_hide_sprites	0411
		_battle_print	0438
		_damn_that_asakawa	04DB
		_you_hear	0509
		_asakawa	0522
		_fisherman	0539
		_student	0552
		_miner	0569
		_workers	057E
		_battle_bkg_clean	0595
		_asakawa_battle_ctrl	05B4
		_level_1_ctrl	06AF
		_level_1_bkg_start	072C
		_l1_scene_1	08DA
		_level_1_sprite_setup	0AEC
		_enter_miner	0BF8
		_miner_intro_setup	0D66
		_miner_intro	0E24
		_l1_scene_3_setup	1130
		_l1_scene_3_animate	13BE
		_l1_scene_3_text_setup	1576
		_l1_scene_3	15CF
		_asakawa_shoots_anim	1ADD
		_battle_nav	1B46
		_run	1BB0
		_back	1C07
		_fight_opt	1C23
		_item_opt	1C85
		_choose_item_toggle	1D73
		_battle_menu	1E49
		_battle_toggle_up	1EEB
		_battle_toggle_down	1F5A
		_battle_toggle_ctrl	1FC4
		_choice_handler	2053
		_hero_fight	20A5
		_hero_defend_anim	22E5
		_enemy_defend_anim	2417
		_hero_fight_anim	2548
		_enemy_fight_anim	2689
		_clear_screen	27C4
		_sprite_setup	27E3
		_npc_fight	2AE8
		_fight_config	2D0F
		_damage	2D86
		_lower_hp	3053
		_enemy_damage	3114
		_fight	326E
		_show_fighter_stats	32EE
		_level_2_ctrl	3459
		_level_2_bkg_start	3563
		_shit_pot_setup	365F
		_shit_pot_sprites	368F
		_sprite_collide_shit_pot	395C
		_conv_check	3A40
		_l2_scene_1	45E6
		_l2_scene_1_fisherman_enter	4888
		_fisherman_walk_away	49F9
		_hero_walk	4BCD
		_asakawa_enters_deck	4F60
		_asakawa_before_work	5204
		_asakawa_after_work	537E
		_pos_check_shit_pot	53FB
		_sickle_hammer	544C
		_sh_tiles	55B4
		_crab_catch_ctrl	56D4
		_crab_catch_setup	5894
		_level_3_ctrl	5979
		_team_battle_show	6089
		_leaves_shit_pot	61B1
		_ending	622A
		_rand	6360
		_randw	6360
		_itoa	638B
		_set_bkg_palette_entry	6456
		_set_sprite_palette_entry	647E
		_cpu_slow	64A6
		_cpu_fast	64C1
		_cgb_compatibility	64C8
		_arand	6511
		_initarand	653D
		_reverse	656A
		__divschar_rrx_s	65C5
		__divschar_rrx_hds	65CC
		__modschar_rrx_s	65D3
		__modschar_rrx_hds	65DA
		__divsint_rrx_s	65DF
		__divsint_rrx_hds	65EB
		__modsint_rrx_s	65F3
		__modsint_rrx_hds	65FF
		__divuchar_rrx_s	6605
		__divuchar_rrx_hds	660C
		__moduchar_rrx_s	6613
		__moduchar_rrx_hds	661A
		__divuint_rrx_s	661F
		__divuint_rrx_hds	662B
		__moduint_rrx_s	6633
		__moduint_rrx_hds	663F
		.mod8	6645
		.div8	6645
		.mod16	664D
		.div16	664D
		.modu8	6687
		.divu8	6687
		.modu16	668A
		.divu16	668A
AREA _HEADER
	RADIX HEX
	BASE 0000
	SIZE 01E1
	ATTRIB ABS OVR
	GLOBALS
		_exit	01D2
AREA _HOME
	RADIX HEX
	BASE 66C7
	SIZE 01F9
	ATTRIB REL CON
	GLOBALS
		.set_mode	66C7
		.remove_VBL	66D7
		.remove_LCD	66DD
		.remove_TIM	66E3
		.remove_SIO	66E9
		.remove_JOY	66EF
		.add_VBL	66F5
		.add_LCD	66FB
		.add_TIM	6701
		.add_SIO	6707
		.add_JOY	670D
		.remove_int	6713
		.add_int	6733
		.wait_vbl_done	674F
		_wait_vbl_done	674F
		_display_off	6766
		.display_off	6766
		.serial_IO	6787
		_mode	67B6
		_get_mode	67BF
		_enable_interrupts	67C4
		_disable_interrupts	67C6
		_reset	67C8
		.reset	67C8
		_set_interrupts	67CE
		_remove_VBL	67D9
		_remove_LCD	67E4
		_remove_TIM	67EF
		_remove_SIO	67FA
		_remove_JOY	6805
		_add_VBL	6810
		_add_LCD	681B
		_add_TIM	6826
		_add_SIO	6831
		_add_JOY	683C
		_clock	6847
		__printTStates	6850
		banked_call	6851
		banked_ret	686A
		__initrleblock	6873
		_strlen	689A
AREA _BASE
	RADIX HEX
	BASE 68C0
	SIZE 025F
	ATTRIB REL CON
	GLOBALS
		.set_sprite_prop	68C0
		_set_sprite_prop	68CD
		_initrand	68D8
		.initrand	68DA
		.mv_sprite	68E3
		_move_sprite	68F2
		_set_bkg_palette	68FF
		_set_sprite_palette	692A
		_set_win_data	6955
		_set_bkg_data	6955
		_set_sprite_data	69A2
		.padup	69D1
		_waitpadup	69D1
		.jpad	69E1
		.wait_pad	6A0E
		_joypad	6A15
		_waitpad	6A1A
		.set_sprite_tile	6A24
		_set_sprite_tile	6A31
		.delay	6A3C
		_delay	6A76
		.copy_vram	6A7F
		_get_data	6A8E
		_set_data	6A8E
		_set_bkg_tiles	6AA1
		.set_xy_wtt	6AB5
		.set_xy_btt	6AC6
		.set_xy_tt	6AD5
		_set_tiles	6B06
AREA _LIT
	RADIX HEX
	BASE 6B1F
	SIZE 0000
	ATTRIB REL CON
AREA _GSINIT
	RADIX HEX
	BASE 6B1F
	SIZE 1184
	ATTRIB REL CON
	GLOBALS
		gsinit	6B1F
AREA _GSINITTAIL
	RADIX HEX
	BASE 7CA3
	SIZE 0001
	ATTRIB REL CON
AREA _GSFINAL
	RADIX HEX
	BASE 7CA4
	SIZE 0000
	ATTRIB REL CON
AREA _DATA
	RADIX HEX
	BASE C0A0
	SIZE 1AA2
	ATTRIB REL CON
	GLOBALS
		_GAME_OVER	C0A0
		_START	C0A1
		_LEVEL_2	C0A2
		_LEVEL_3	C0A3
		_NEW_GAME	C0A4
		_QUIT	C0A5
		_option	C0A6
		_choice	C0A7
		_small_chain_border	C0A8
		_chain_border	C210
		_chain_border_tiles	C378
		_font	C418
		_blank_screen_tiles	C6F8
		_black_screen	C738
		_blank_screen	C8A0
		_i	CA08
		_j	CA09
		_cushion	CA0A
		_LETTER_COUNT	CA0B
		_MAX_SPRITES	CA0C
		_START_X	CA0D
		_arrow_x	CA0E
		_arrow_y	CA0F
		_shit_pot	CA10
		_hero_front_idle	CB78
		_hero_back_idle	CBF8
		_fisherman_front_idle	CC78
		_fisherman_idle_back	CCB8
		_miner_walk_left	CD38
		_miner_walk_up	CDB8
		_miner_idle_back	CE38
		_student_idle_back	CEB8
		_asakawa_front_idle	CF38
		_asakawa_air_shot	CFB8
		_STATE	D1B8
		_start_hp	D1B9
		_l1_scene_3_anim	D1BA
		_dt	D1BB
		_PUNCH	D1BD
		_DEFEND	D1BE
		_ITEM	D1BF
		_NET	D1C0
		_CLUB	D1C1
		_SHOOT	D1C2
		_CLAW	D1C3
		_KING_CLAW	D1C4
		_PUNCH_LOC	D1C5
		_BATTLE_CHOICE	D1C6
		_FIGHT_CHOICE	D1C7
		_RUN_CHOICE	D1C8
		_ITEM_CHOICE	D1C9
		_FIGHTING	D1CA
		_DEAD	D1CB
		_BATTLE_WIN	D1CC
		_ENEMY	D1CD
		_BATTLE_NUM	D1CE
		_ITEMS	D1CF
		_CHOSEN_ITEM	D1D0
		_CHOOSING	D1D1
		_enemy_choice	D1D2
		_seed	D1D3
		_npc_act	D1D5
		_npc_acc	D1D6
		_hero_acc	D1D7
		_first_fighter	D1D8
		_y	D1D9
		_enemy_y	D1DA
		_a	D1DB
		_h_hp	D1DC
		_e_hp	D1E4
		_arr_size	D1EC
		_sprite_positions	D1ED
		_GOT_INFO	D1F9
		_moving	D1FA
		_left	D1FB
		_screen_x	D1FC
		_sprite_palette	D1FD
		_bkg_palette	D215
		_sprite_width	D21D
		_SAVE	D21E
		_talking	D21F
		_SLEPT	D220
		_talked	D221
		_revolt	D222
		_REVOLUTION_1	D223
		_REVOLUTION_2	D224
		_striking	D225
		_APPEARED	D226
		_crabs_to_catch	D227
		_health_loss	D228
		_anim_1	D229
		_anim_2	D22A
		_hero_posx	D22B
		_hero_posy	D22C
		_fisherman_posx	D22D
		_fisherman_posy	D22E
		_fisherman2_posx	D22F
		_fisherman2_posy	D230
		_miner_posx	D231
		_miner_posy	D232
		_student_posx	D233
		_student_posy	D234
		_student2_posx	D235
		_student2_posy	D236
		_asakawa_posx	D237
		_asakawa_posy	D238
		_bed_posx	D239
		_bed_posy	D23A
		_HERO_HP	D23B
		_ASAKAWA_HP	D23C
		_hero_lie_down	D23E
		_hero_walk_sideways	D33E
		_fisherman_walk_side	D3BE
		_fisherman_walk_up	D43E
		_hero_walk_down	D47E
		_hero_walk_up	D4BE
		_deck	D53E
		_asakawa_walk_side	D77E
		_miner_front_idle	D7FE
		_student_front_idle	D87E
		_norm_crab	D8BE
		_king_crab	D93E
		_bed	D9BE
		_soldier	DABE
		_student_lie_down	DAFE
		_crab	DB3E
		_caught_crabs	DB3F
		_CRAB_CAUGHT	DB40
		_CRAB_HP	DB41
AREA _BSS
	RADIX HEX
	BASE DB42
	SIZE 0097
	ATTRIB REL CON
	GLOBALS
		__cpu	DB42
		.mode	DB43
		__io_out	DB44
		__io_in	DB45
		__io_status	DB46
		.vbl_done	DB47
		__current_bank	DB48
		_sys_time	DB49
		.sys_time	DB49
		.int_0x40	DB4B
		.int_0x48	DB5B
		.int_0x50	DB6B
		.int_0x58	DB7B
		.int_0x60	DB8B
		.randhi	DB9B
		.randlo	DB9C
AREA _HEAP
	RADIX HEX
	BASE DBD9
	SIZE 0000
	ATTRIB REL CON
	GLOBALS
		_malloc_heap_start	DBD9
AREA _OVERLAY
	RADIX HEX
	BASE DBD9
	SIZE 0000
	ATTRIB REL CON
AREA _ISEG
	RADIX HEX
	BASE DBD9
	SIZE 0000
	ATTRIB REL CON
AREA _BSEG
	RADIX HEX
	BASE DBD9
	SIZE 0000
	ATTRIB REL CON
AREA _XSEG
	RADIX HEX
	BASE DBD9
	SIZE 0000
	ATTRIB REL CON
MODULES
	FILE /opt/gbdk/lib/small/asxxxx/gb/crt0.o
		NAME Runtime
	FILE main.o
		NAME lcc25970
	FILE start_up/start_up.o
		NAME lcc26010
	FILE text/assets/small_chain_border.o
		NAME lcc26050
	FILE text/assets/chain_border.o
		NAME lcc26090
	FILE text/assets/chain_border_tiles.o
		NAME lcc26130
	FILE text/assets/font.o
		NAME lcc26170
	FILE text/assets/blank_screen_tiles.o
		NAME lcc26210
	FILE text/assets/black_screen.o
		NAME lcc26290
	FILE text/assets/blank_screen.o
		NAME lcc26330
	FILE text/text.o
		NAME lcc26370
	FILE level_1/assets/shit_pot.o
		NAME lcc26410
	FILE assets/sprites/hero_front_idle.o
		NAME lcc26450
	FILE assets/sprites/hero_back_idle.o
		NAME lcc26490
	FILE assets/sprites/fisherman_front_idle.o
		NAME lcc26530
	FILE assets/sprites/fisherman_idle_back.o
		NAME lcc26570
	FILE assets/sprites/miner_walk_left.o
		NAME lcc26610
	FILE assets/sprites/miner_walk_up.o
		NAME lcc26650
	FILE assets/sprites/miner_idle_back.o
		NAME lcc26690
	FILE assets/sprites/student_idle_back.o
		NAME lcc26730
	FILE assets/sprites/asakawa_front_idle.o
		NAME lcc26770
	FILE assets/sprites/asakawa_air_shot.o
		NAME lcc26810
	FILE level_1/asakawa_battle.o
		NAME lcc26850
	FILE level_1/level_1.o
		NAME lcc26890
	FILE battle/battle.o
		NAME lcc26930
	FILE level_2/level_2.o
		NAME lcc26970
	FILE assets/sprite_palette.o
		NAME lcc27010
	FILE assets/bkg_palette.o
		NAME lcc27050
	FILE assets/level_assets/level_assets.o
		NAME lcc27090
	FILE assets/sprites/hero_lie_down.o
		NAME lcc27130
	FILE assets/sprites/hero_walk_sideways.o
		NAME lcc27170
	FILE assets/sprites/fisherman_walk_sideways.o
		NAME lcc27210
	FILE assets/sprites/fisherman_walk_up.o
		NAME lcc27250
	FILE assets/sprites/hero_walk_down.o
		NAME lcc27290
	FILE assets/sprites/hero_walk_up.o
		NAME lcc27330
	FILE assets/bkgs/deck.o
		NAME lcc27370
	FILE assets/sprites/asakawa_walk_sideways.o
		NAME lcc27410
	FILE assets/sprites/miner_front_idle.o
		NAME lcc27450
	FILE assets/sprites/student_front_idle.o
		NAME lcc27490
	FILE assets/sprites/norm_crab.o
		NAME lcc27530
	FILE assets/sprites/king_crab.o
		NAME lcc27570
	FILE assets/sprites/bed.o
		NAME lcc27610
	FILE assets/sprites/soldier.o
		NAME lcc27650
	FILE assets/sprites/student_lie_down.o
		NAME lcc27690
	FILE assets/sickle_hammer.o
		NAME lcc27730
	FILE assets/sh_tiles.o
		NAME lcc27770
	FILE level_2/crab_catch.o
		NAME lcc27810
	FILE level_3/level_3.o
		NAME lcc27850
	FILE end/end.o
		NAME lcc27890
LIBRARIES
	LIBRARY /opt/gbdk/lib/small/asxxxx/gbz80/gbz80.lib
		MODULE crt0_rle.o
	LIBRARY /opt/gbdk/lib/small/asxxxx/gb/gb.lib
		MODULE set_prop.o
	LIBRARY /opt/gbdk/lib/small/asxxxx/gb/gb.lib
		MODULE rand.o
	LIBRARY /opt/gbdk/lib/small/asxxxx/gbz80/gbz80.lib
		MODULE itoa.o
	LIBRARY /opt/gbdk/lib/small/asxxxx/gb/gb.lib
		MODULE mv_spr.o
	LIBRARY /opt/gbdk/lib/small/asxxxx/gb/gb.lib
		MODULE cgb.o
	LIBRARY /opt/gbdk/lib/small/asxxxx/gb/gb.lib
		MODULE arand.o
	LIBRARY /opt/gbdk/lib/small/asxxxx/gb/gb.lib
		MODULE set_data.o
	LIBRARY /opt/gbdk/lib/small/asxxxx/gbz80/gbz80.lib
		MODULE reverse.o
	LIBRARY /opt/gbdk/lib/small/asxxxx/gbz80/gbz80.lib
		MODULE div.o
	LIBRARY /opt/gbdk/lib/small/asxxxx/gb/gb.lib
		MODULE pad.o
	LIBRARY /opt/gbdk/lib/small/asxxxx/gb/gb.lib
		MODULE set_spr.o
	LIBRARY /opt/gbdk/lib/small/asxxxx/gb/gb.lib
		MODULE delay.o
	LIBRARY /opt/gbdk/lib/small/asxxxx/gbz80/gbz80.lib
		MODULE strlen.o
	LIBRARY /opt/gbdk/lib/small/asxxxx/gb/gb.lib
		MODULE cpy_data.o
	LIBRARY /opt/gbdk/lib/small/asxxxx/gb/gb.lib
		MODULE set_bk_t.o
	LIBRARY /opt/gbdk/lib/small/asxxxx/gb/gb.lib
		MODULE set_xy_t.o
USERBASEDEF
	_CODE=0x0200
	_DATA=0xC0A0
	_CODE_1=0x4000
USERGLOBALDEF
	.OAM=0xC000
	.STACK=0xE000
	.refresh_OAM=0xFF80
	.init=0x0000
