                              1 ;--------------------------------------------------------
                              2 ; File Created by SDCC : FreeWare ANSI-C Compiler
                              3 ; Version 2.3.1 Fri May  3 22:33:56 2019
                              4 
                              5 ;--------------------------------------------------------
                              6 	.module lcc138860
                              7 	
                              8 ;--------------------------------------------------------
                              9 ; Public variables in this module
                             10 ;--------------------------------------------------------
                             11 	.globl _main
                             12 ;--------------------------------------------------------
                             13 ; special function registers
                             14 ;--------------------------------------------------------
                             15 ;--------------------------------------------------------
                             16 ; special function bits 
                             17 ;--------------------------------------------------------
                             18 ;--------------------------------------------------------
                             19 ; internal ram data
                             20 ;--------------------------------------------------------
                             21 	.area _DATA
                             22 ;--------------------------------------------------------
                             23 ; overlayable items in internal ram 
                             24 ;--------------------------------------------------------
                             25 	.area _OVERLAY
                             26 ;--------------------------------------------------------
                             27 ; indirectly addressable internal ram data
                             28 ;--------------------------------------------------------
                             29 	.area _ISEG
                             30 ;--------------------------------------------------------
                             31 ; bit data
                             32 ;--------------------------------------------------------
                             33 	.area _BSEG
                             34 ;--------------------------------------------------------
                             35 ; external ram data
                             36 ;--------------------------------------------------------
                             37 	.area _XSEG
                             38 ;--------------------------------------------------------
                             39 ; global & static initialisations
                             40 ;--------------------------------------------------------
                             41 	.area _GSINIT
                             42 	.area _GSFINAL
                             43 	.area _GSINIT
                             44 ;--------------------------------------------------------
                             45 ; Home
                             46 ;--------------------------------------------------------
                             47 	.area _HOME
                             48 	.area _CODE
                             49 ;--------------------------------------------------------
                             50 ; code
                             51 ;--------------------------------------------------------
                             52 	.area _CODE
                             53 ;	main.c 7
                             54 ;	genLabel
                             55 ;	genFunction
                             56 ;	---------------------------------
                             57 ; Function main
                             58 ; ---------------------------------
   0000                      59 ___main_start:
   0000                      60 _main:
                             61 	
                             62 ;	main.c 10
                             63 ;	genCall
                             64 ; _saveRegsForCall: sendSetSize: 0 deInUse: 0 bcInUse: 0 deSending: 0
   0000 CD 00 00             65 	call	_opening
                             66 ;	main.c 12
                             67 ;	genCmpEq
                             68 ;	AOP_HL for _option
                             69 ;	AOP_HL for _START
                             70 ; genCmpEq: left 1, right 1, result 0
   0003 21 00 00             71 	ld	hl,#_START
   0006 7E                   72 	ld	a,(hl)
   0007 21 00 00             73 	ld	hl,#_option
   000A BE                   74 	cp	(hl)
   000B 20 02                75 	jr	nz,00112$
   000D 18 03                76 	jr	00113$
   000F                      77 00112$:
   000F C3 15 00             78 	jp	00102$
   0012                      79 00113$:
                             80 ;	main.c 13
                             81 ;	genCall
                             82 ; _saveRegsForCall: sendSetSize: 0 deInUse: 0 bcInUse: 0 deSending: 0
   0012 CD 00 00             83 	call	_level_1_ctrl
                             84 ;	genLabel
   0015                      85 00102$:
                             86 ;	main.c 15
                             87 ;	genCmpEq
                             88 ;	AOP_HL for _option
                             89 ;	AOP_HL for _LEVEL_2
                             90 ; genCmpEq: left 1, right 1, result 0
   0015 21 00 00             91 	ld	hl,#_LEVEL_2
   0018 7E                   92 	ld	a,(hl)
   0019 21 00 00             93 	ld	hl,#_option
   001C BE                   94 	cp	(hl)
   001D 20 02                95 	jr	nz,00114$
   001F 18 03                96 	jr	00115$
   0021                      97 00114$:
   0021 C3 27 00             98 	jp	00104$
   0024                      99 00115$:
                            100 ;	main.c 16
                            101 ;	genCall
                            102 ; _saveRegsForCall: sendSetSize: 0 deInUse: 0 bcInUse: 0 deSending: 0
   0024 CD 00 00            103 	call	_level_2_ctrl
                            104 ;	genLabel
   0027                     105 00104$:
                            106 ;	main.c 17
                            107 ;	genCmpEq
                            108 ;	AOP_HL for _option
                            109 ;	AOP_HL for _LEVEL_3
                            110 ; genCmpEq: left 1, right 1, result 0
   0027 21 00 00            111 	ld	hl,#_LEVEL_3
   002A 7E                  112 	ld	a,(hl)
   002B 21 00 00            113 	ld	hl,#_option
   002E BE                  114 	cp	(hl)
   002F 20 02               115 	jr	nz,00116$
   0031 18 03               116 	jr	00117$
   0033                     117 00116$:
   0033 C3 39 00            118 	jp	00107$
   0036                     119 00117$:
                            120 ;	main.c 18
                            121 ;	genCall
                            122 ; _saveRegsForCall: sendSetSize: 0 deInUse: 0 bcInUse: 0 deSending: 0
   0036 CD 00 00            123 	call	_level_3_ctrl
                            124 ;	genLabel
   0039                     125 00107$:
                            126 ;	genEndFunction
                            127 	
   0039 C9                  128 	ret
   003A                     129 ___main_end:
                            130 	.area _CODE
ASxxxx Assembler V01.75  (GameBoy Z80-like CPU), page 1.

Symbol Table

    _LEVEL_2                           **** GX
    _LEVEL_3                           **** GX
    _START                             **** GX
  0 ___main_end                        003A R
  0 ___main_start                      0000 R
    _level_1_ctrl                      **** GX
    _level_2_ctrl                      **** GX
    _level_3_ctrl                      **** GX
  0 _main                              0000 GR
    _opening                           **** GX
    _option                            **** GX

ASxxxx Assembler V01.75  (GameBoy Z80-like CPU), page 2.

Area Table

   0 _CODE                              size   3A   flags 0
   1 _DATA                              size    0   flags 0
   2 _OVERLAY                           size    0   flags 0
   3 _ISEG                              size    0   flags 0
   4 _BSEG                              size    0   flags 0
   5 _XSEG                              size    0   flags 0
   6 _GSINIT                            size    0   flags 0
   7 _GSFINAL                           size    0   flags 0
   8 _HOME                              size    0   flags 0
