AREA .  .ABS.
	RADIX HEX
	BASE 0000
	SIZE 0000
	ATTRIB ABS OVR
	GLOBALS
		l__HEAP	0000
		l__BSEG	0000
		l_.  .ABS.	0000
		l__GSFINAL	0000
		l__ISEG	0000
		s_.  .ABS.	0000
		s__HEADER	0000
		l__XSEG	0000
		.init	0000
		l__OVERLAY	0000
		l__LIT	0000
		l__GSINITTAIL	0001
		l__BSS	0059
		l__HOME	01D3
		l__HEADER	01E1
		l__BASE	01FC
		s__CODE	0200
		l__CODE	0A09
		s__HOME	0C09
		s__BASE	0DDC
		s__LIT	0FD8
		s__GSINIT	0FD8
		l__GSINIT	11EE
		l__DATA	1C86
		s__GSINITTAIL	21C6
		s__GSFINAL	21C7
		.OAM	C000
		s__DATA	C0A0
		s__BSS	DD26
		s__HEAP	DD7F
		s__BSEG	DD7F
		s__ISEG	DD7F
		s__XSEG	DD7F
		s__OVERLAY	DD7F
		.STACK	E000
		.refresh_OAM	FF80
AREA _CODE
	RADIX HEX
	BASE 0200
	SIZE 0A09
	ATTRIB REL CON
	GLOBALS
		_opening	0200
		_start_up	021D
		_check_pos	02C2
		_setup_sprite	02FC
		_setup_bkg	0358
		_level_1_ctrl	03C5
		_level_1_bkg_start	03E8
		_joypad_check	04D8
		_scene_1	04E8
		_enter_miner	05D5
		_animate	0864
		_level_1_sprite_setup	0A0A
		_main	0BEE
AREA _HEADER
	RADIX HEX
	BASE 0000
	SIZE 01E1
	ATTRIB ABS OVR
	GLOBALS
		_exit	01D2
AREA _HOME
	RADIX HEX
	BASE 0C09
	SIZE 01D3
	ATTRIB REL CON
	GLOBALS
		.set_mode	0C09
		.remove_VBL	0C19
		.remove_LCD	0C1F
		.remove_TIM	0C25
		.remove_SIO	0C2B
		.remove_JOY	0C31
		.add_VBL	0C37
		.add_LCD	0C3D
		.add_TIM	0C43
		.add_SIO	0C49
		.add_JOY	0C4F
		.remove_int	0C55
		.add_int	0C75
		.wait_vbl_done	0C91
		_wait_vbl_done	0C91
		_display_off	0CA8
		.display_off	0CA8
		.serial_IO	0CC9
		_mode	0CF8
		_get_mode	0D01
		_enable_interrupts	0D06
		_disable_interrupts	0D08
		_reset	0D0A
		.reset	0D0A
		_set_interrupts	0D10
		_remove_VBL	0D1B
		_remove_LCD	0D26
		_remove_TIM	0D31
		_remove_SIO	0D3C
		_remove_JOY	0D47
		_add_VBL	0D52
		_add_LCD	0D5D
		_add_TIM	0D68
		_add_SIO	0D73
		_add_JOY	0D7E
		_clock	0D89
		__printTStates	0D92
		banked_call	0D93
		banked_ret	0DAC
		__initrleblock	0DB5
AREA _BASE
	RADIX HEX
	BASE 0DDC
	SIZE 01FC
	ATTRIB REL CON
	GLOBALS
		_scroll_bkg	0DDC
		.mv_sprite	0DF2
		_move_sprite	0E01
		_set_win_data	0E0E
		_set_bkg_data	0E0E
		_set_sprite_data	0E5B
		.padup	0E8A
		_waitpadup	0E8A
		.jpad	0E9A
		.wait_pad	0EC7
		_joypad	0ECE
		_waitpad	0ED3
		.delay	0EDD
		_delay	0F17
		.set_sprite_tile	0F20
		_set_sprite_tile	0F2D
		.copy_vram	0F38
		_get_data	0F47
		_set_data	0F47
		_set_bkg_tiles	0F5A
		.set_xy_wtt	0F6E
		.set_xy_btt	0F7F
		.set_xy_tt	0F8E
		_set_tiles	0FBF
AREA _LIT
	RADIX HEX
	BASE 0FD8
	SIZE 0000
	ATTRIB REL CON
AREA _GSINIT
	RADIX HEX
	BASE 0FD8
	SIZE 11EE
	ATTRIB REL CON
	GLOBALS
		gsinit	0FD8
AREA _GSINITTAIL
	RADIX HEX
	BASE 21C6
	SIZE 0001
	ATTRIB REL CON
AREA _GSFINAL
	RADIX HEX
	BASE 21C7
	SIZE 0000
	ATTRIB REL CON
AREA _DATA
	RADIX HEX
	BASE C0A0
	SIZE 1C86
	ATTRIB REL CON
	GLOBALS
		_ship_tiles	C0A0
		_open_screen	C630
		_arrow_x	CA30
		_arrow_y	CA31
		_option	CA32
		_choice	CA34
		_level_1_screen_tiles	CA36
		_level_1_screen	CCB6
		_font	CE1E
		_text_1_level_1	D18E
		_text_2_level_1	D2F6
		_text_3_level_1	D45E
		_shit_pot_tiles	D5C6
		_shit_pot	D696
		_hero_front_idle	DA96
		_fisherman_front_idle	DB16
		_miner_walk_left	DB96
		_miner_walk_up	DC16
		_miner_idle_back	DC96
		_text_count	DD16
		_start_animate	DD17
		_hero_pos	DD18
		_fisherman_pos	DD1C
		_miner_pos	DD20
		_sprite_width	DD24
		_action	DD25
AREA _BSS
	RADIX HEX
	BASE DD26
	SIZE 0059
	ATTRIB REL CON
	GLOBALS
		__cpu	DD26
		.mode	DD27
		__io_out	DD28
		__io_in	DD29
		__io_status	DD2A
		.vbl_done	DD2B
		__current_bank	DD2C
		_sys_time	DD2D
		.sys_time	DD2D
		.int_0x40	DD2F
		.int_0x48	DD3F
		.int_0x50	DD4F
		.int_0x58	DD5F
		.int_0x60	DD6F
AREA _HEAP
	RADIX HEX
	BASE DD7F
	SIZE 0000
	ATTRIB REL CON
	GLOBALS
		_malloc_heap_start	DD7F
AREA _OVERLAY
	RADIX HEX
	BASE DD7F
	SIZE 0000
	ATTRIB REL CON
AREA _ISEG
	RADIX HEX
	BASE DD7F
	SIZE 0000
	ATTRIB REL CON
AREA _BSEG
	RADIX HEX
	BASE DD7F
	SIZE 0000
	ATTRIB REL CON
AREA _XSEG
	RADIX HEX
	BASE DD7F
	SIZE 0000
	ATTRIB REL CON
MODULES
	FILE /opt/gbdk/lib/small/asxxxx/gb/crt0.o
		NAME Runtime
	FILE main.o
		NAME lcc124540
LIBRARIES
	LIBRARY /opt/gbdk/lib/small/asxxxx/gbz80/gbz80.lib
		MODULE crt0_rle.o
	LIBRARY /opt/gbdk/lib/small/asxxxx/gb/gb.lib
		MODULE scroll_b.o
	LIBRARY /opt/gbdk/lib/small/asxxxx/gb/gb.lib
		MODULE mv_spr.o
	LIBRARY /opt/gbdk/lib/small/asxxxx/gb/gb.lib
		MODULE set_data.o
	LIBRARY /opt/gbdk/lib/small/asxxxx/gb/gb.lib
		MODULE pad.o
	LIBRARY /opt/gbdk/lib/small/asxxxx/gb/gb.lib
		MODULE delay.o
	LIBRARY /opt/gbdk/lib/small/asxxxx/gb/gb.lib
		MODULE set_spr.o
	LIBRARY /opt/gbdk/lib/small/asxxxx/gb/gb.lib
		MODULE cpy_data.o
	LIBRARY /opt/gbdk/lib/small/asxxxx/gb/gb.lib
		MODULE set_bk_t.o
	LIBRARY /opt/gbdk/lib/small/asxxxx/gb/gb.lib
		MODULE set_xy_t.o
USERBASEDEF
	_CODE=0x0200
	_DATA=0xC0A0
	_CODE_1=0x4000
USERGLOBALDEF
	.OAM=0xC000
	.STACK=0xE000
	.refresh_OAM=0xFF80
	.init=0x0000
