                              1 ;--------------------------------------------------------
                              2 ; File Created by SDCC : FreeWare ANSI-C Compiler
                              3 ; Version 2.3.1 Wed Mar  6 20:37:57 2019
                              4 
                              5 ;--------------------------------------------------------
                              6 	.module lcc293140
                              7 	
                              8 ;--------------------------------------------------------
                              9 ; Public variables in this module
                             10 ;--------------------------------------------------------
                             11 	.globl _chain_border_tiles
                             12 ;--------------------------------------------------------
                             13 ; special function registers
                             14 ;--------------------------------------------------------
                             15 ;--------------------------------------------------------
                             16 ; special function bits 
                             17 ;--------------------------------------------------------
                             18 ;--------------------------------------------------------
                             19 ; internal ram data
                             20 ;--------------------------------------------------------
                             21 	.area _DATA_2
   0000                      22 _chain_border_tiles::
   0000                      23 	.ds 160
                             24 ;--------------------------------------------------------
                             25 ; overlayable items in internal ram 
                             26 ;--------------------------------------------------------
                             27 	.area _OVERLAY
                             28 ;--------------------------------------------------------
                             29 ; indirectly addressable internal ram data
                             30 ;--------------------------------------------------------
                             31 	.area _ISEG
                             32 ;--------------------------------------------------------
                             33 ; bit data
                             34 ;--------------------------------------------------------
                             35 	.area _BSEG
                             36 ;--------------------------------------------------------
                             37 ; external ram data
                             38 ;--------------------------------------------------------
                             39 	.area _XSEG
                             40 ;--------------------------------------------------------
                             41 ; global & static initialisations
                             42 ;--------------------------------------------------------
                             43 	.area _GSINIT
                             44 	.area _GSFINAL
                             45 	.area _GSINIT
                             46 ;	assets/chain_border_tiles.c 26
                             47 ;	assets/chain_border_tiles.c 49
                             48 ;	genArrayInit
                             49 ; _saveRegsForCall: sendSetSize: 0 deInUse: 0 bcInUse: 0 deSending: 0
   0000 21 00 00             50 	ld	hl,#_chain_border_tiles
   0003 CD 00 00             51 	call	__initrleblock
   0006 F0 00                52 	.db	-16,0x00
   0008 7F                   53 	.db	127
   0009 18 18 7E 7E DB DB    54 	.db	0x18, 0x18, 0x7E, 0x7E, 0xDB, 0xDB, 0xC3, 0xC3
        C3 C3
   0011 C3 C3 DB DB 7E 7E    55 	.db	0xC3, 0xC3, 0xDB, 0xDB, 0x7E, 0x7E, 0x18, 0x18
        18 18
   0019 3C 3C 7E 7E 43 43    56 	.db	0x3C, 0x3C, 0x7E, 0x7E, 0x43, 0x43, 0xE3, 0xE3
        E3 E3
   0021 E3 E3 5B 5B 7E 7E    57 	.db	0xE3, 0xE3, 0x5B, 0x5B, 0x7E, 0x7E, 0x18, 0x18
        18 18
   0029 18 18 7E 7E 5B 5B    58 	.db	0x18, 0x18, 0x7E, 0x7E, 0x5B, 0x5B, 0xE3, 0xE3
        E3 E3
   0031 E3 E3 43 43 7E 7E    59 	.db	0xE3, 0xE3, 0x43, 0x43, 0x7E, 0x7E, 0x3C, 0x3C
        3C 3C
   0039 3C 3C 7E 7E C2 C2    60 	.db	0x3C, 0x3C, 0x7E, 0x7E, 0xC2, 0xC2, 0xC7, 0xC7
        C7 C7
   0041 C7 C7 DA DA 7E 7E    61 	.db	0xC7, 0xC7, 0xDA, 0xDA, 0x7E, 0x7E, 0x18, 0x18
        18 18
   0049 18 18 7E 7E DA DA    62 	.db	0x18, 0x18, 0x7E, 0x7E, 0xDA, 0xDA, 0xC7, 0xC7
        C7 C7
   0051 C7 C7 C2 C2 7E 7E    63 	.db	0xC7, 0xC7, 0xC2, 0xC2, 0x7E, 0x7E, 0x3C, 0x3C
        3C 3C
   0059 3C 3C 7E 7E 42 42    64 	.db	0x3C, 0x3C, 0x7E, 0x7E, 0x42, 0x42, 0xE7, 0xE7
        E7 E7
   0061 E7 E7 42 42 7E 7E    65 	.db	0xE7, 0xE7, 0x42, 0x42, 0x7E, 0x7E, 0x3C, 0x3C
        3C 3C
   0069 7E 7E 81 81 99 99    66 	.db	0x7E, 0x7E, 0x81, 0x81, 0x99, 0x99, 0xA5, 0xA5
        A5 A5
   0071 BD BD A5 A5 81 81    67 	.db	0xBD, 0xBD, 0xA5, 0xA5, 0x81, 0x81, 0x7E, 0x7E
        7E 7E
   0079 04 04 06 06 7D 7D    68 	.db	0x04, 0x04, 0x06, 0x06, 0x7D, 0x7D, 0x40, 0x40
        40 40
   0081 40 40 7D 7D 06 06    69 	.db	0x40, 0x40, 0x7D, 0x7D, 0x06, 0x06, 0x04
        04
   0088 01                   70 	.db	1
   0089 04                   71 	.db	0x04
   008A FA 00                72 	.db	-6,0x00
   008C 04                   73 	.db	4
   008D 80 80 80 80          74 	.db	0x80, 0x80, 0x80, 0x80
   0091 FA 00                75 	.db	-6,0x00
   0093 00                   76 	.db	0
                             77 ;--------------------------------------------------------
                             78 ; Home
                             79 ;--------------------------------------------------------
                             80 	.area _HOME
                             81 	.area _CODE_2
                             82 ;--------------------------------------------------------
                             83 ; code
                             84 ;--------------------------------------------------------
                             85 	.area _CODE_2
                             86 	.area _CODE_2
ASxxxx Assembler V01.75  (GameBoy Z80-like CPU), page 1.

Symbol Table

    __initrleblock                     **** GX
  1 _chain_border_tiles                0000 GR

ASxxxx Assembler V01.75  (GameBoy Z80-like CPU), page 2.

Area Table

   0 _CODE                              size    0   flags 0
   1 _DATA_2                            size   A0   flags 0
   2 _OVERLAY                           size    0   flags 0
   3 _ISEG                              size    0   flags 0
   4 _BSEG                              size    0   flags 0
   5 _XSEG                              size    0   flags 0
   6 _GSINIT                            size   94   flags 0
   7 _GSFINAL                           size    0   flags 0
   8 _HOME                              size    0   flags 0
   9 _CODE_2                            size    0   flags 0
