AREA .  .ABS.
	RADIX HEX
	BASE 0000
	SIZE 0000
	ATTRIB ABS OVR
	GLOBALS
		l__DATA	0000
		l__BASE	0000
		l__HEAP	0000
		l__BSEG	0000
		l_.  .ABS.	0000
		l__GSFINAL	0000
		l__ISEG	0000
		s_.  .ABS.	0000
		s__HEADER	0000
		l__XSEG	0000
		.init	0000
		l__OVERLAY	0000
		l__LIT	0000
		l__GSINIT	0000
		l__GSINITTAIL	0001
		l__CODE	0032
		l__BSS	0059
		l__HOME	01AC
		l__HEADER	01E1
		s__CODE	0200
		s__HOME	0232
		s__BASE	03DE
		s__GSINITTAIL	03DE
		s__LIT	03DE
		s__GSINIT	03DE
		s__GSFINAL	03DF
		.OAM	C000
		s__DATA	C0A0
		s__BSS	C0A0
		s__HEAP	C0F9
		s__BSEG	C0F9
		s__ISEG	C0F9
		s__XSEG	C0F9
		s__OVERLAY	C0F9
		.STACK	E000
		.refresh_OAM	FF80
AREA _CODE
	RADIX HEX
	BASE 0200
	SIZE 0032
	ATTRIB REL CON
	GLOBALS
		_collide_sound	0200
		_main	022E
AREA _HEADER
	RADIX HEX
	BASE 0000
	SIZE 01E1
	ATTRIB ABS OVR
	GLOBALS
		_exit	01D2
AREA _HOME
	RADIX HEX
	BASE 0232
	SIZE 01AC
	ATTRIB REL CON
	GLOBALS
		.set_mode	0232
		.remove_VBL	0242
		.remove_LCD	0248
		.remove_TIM	024E
		.remove_SIO	0254
		.remove_JOY	025A
		.add_VBL	0260
		.add_LCD	0266
		.add_TIM	026C
		.add_SIO	0272
		.add_JOY	0278
		.remove_int	027E
		.add_int	029E
		.wait_vbl_done	02BA
		_wait_vbl_done	02BA
		_display_off	02D1
		.display_off	02D1
		.serial_IO	02F2
		_mode	0321
		_get_mode	032A
		_enable_interrupts	032F
		_disable_interrupts	0331
		_reset	0333
		.reset	0333
		_set_interrupts	0339
		_remove_VBL	0344
		_remove_LCD	034F
		_remove_TIM	035A
		_remove_SIO	0365
		_remove_JOY	0370
		_add_VBL	037B
		_add_LCD	0386
		_add_TIM	0391
		_add_SIO	039C
		_add_JOY	03A7
		_clock	03B2
		__printTStates	03BB
		banked_call	03BC
		banked_ret	03D5
AREA _BASE
	RADIX HEX
	BASE 03DE
	SIZE 0000
	ATTRIB REL CON
AREA _LIT
	RADIX HEX
	BASE 03DE
	SIZE 0000
	ATTRIB REL CON
AREA _GSINIT
	RADIX HEX
	BASE 03DE
	SIZE 0000
	ATTRIB REL CON
	GLOBALS
		gsinit	03DE
AREA _GSINITTAIL
	RADIX HEX
	BASE 03DE
	SIZE 0001
	ATTRIB REL CON
AREA _GSFINAL
	RADIX HEX
	BASE 03DF
	SIZE 0000
	ATTRIB REL CON
AREA _DATA
	RADIX HEX
	BASE C0A0
	SIZE 0000
	ATTRIB REL CON
AREA _BSS
	RADIX HEX
	BASE C0A0
	SIZE 0059
	ATTRIB REL CON
	GLOBALS
		__cpu	C0A0
		.mode	C0A1
		__io_out	C0A2
		__io_in	C0A3
		__io_status	C0A4
		.vbl_done	C0A5
		__current_bank	C0A6
		_sys_time	C0A7
		.sys_time	C0A7
		.int_0x40	C0A9
		.int_0x48	C0B9
		.int_0x50	C0C9
		.int_0x58	C0D9
		.int_0x60	C0E9
AREA _HEAP
	RADIX HEX
	BASE C0F9
	SIZE 0000
	ATTRIB REL CON
	GLOBALS
		_malloc_heap_start	C0F9
AREA _OVERLAY
	RADIX HEX
	BASE C0F9
	SIZE 0000
	ATTRIB REL CON
AREA _ISEG
	RADIX HEX
	BASE C0F9
	SIZE 0000
	ATTRIB REL CON
AREA _BSEG
	RADIX HEX
	BASE C0F9
	SIZE 0000
	ATTRIB REL CON
AREA _XSEG
	RADIX HEX
	BASE C0F9
	SIZE 0000
	ATTRIB REL CON
MODULES
	FILE /opt/gbdk/lib/small/asxxxx/gb/crt0.o
		NAME Runtime
	FILE music.o
		NAME lcc176690
USERBASEDEF
	_CODE=0x0200
	_DATA=0xC0A0
	_CODE_1=0x4000
USERGLOBALDEF
	.OAM=0xC000
	.STACK=0xE000
	.refresh_OAM=0xFF80
	.init=0x0000
