AREA .  .ABS.
	RADIX HEX
	BASE 0000
	SIZE 0000
	ATTRIB ABS OVR
	GLOBALS
		l__HEAP	0000
		l__BSEG	0000
		l_.  .ABS.	0000
		l__GSFINAL	0000
		l__ISEG	0000
		s_.  .ABS.	0000
		s__HEADER	0000
		l__XSEG	0000
		.init	0000
		l__OVERLAY	0000
		l__LIT	0000
		l__GSINITTAIL	0001
		l__BSS	0097
		l__HEADER	01E1
		l__BASE	01F1
		l__HOME	01F9
		s__CODE	0200
		l__GSINIT	0E6F
		l__CODE	13B6
		s__HOME	15B6
		s__BASE	17AF
		l__DATA	1893
		s__LIT	19A0
		s__GSINIT	19A0
		s__GSINITTAIL	280F
		s__GSFINAL	2810
		.OAM	C000
		s__DATA	C0A0
		s__BSS	D933
		s__HEAP	D9CA
		s__BSEG	D9CA
		s__ISEG	D9CA
		s__XSEG	D9CA
		s__OVERLAY	D9CA
		.STACK	E000
		.refresh_OAM	FF80
AREA _CODE
	RADIX HEX
	BASE 0200
	SIZE 13B6
	ATTRIB REL CON
	GLOBALS
		_asakawa_battle_ctrl	0200
		_battle_nav	023B
		_run	0296
		_back	02EA
		_fight_opt	02FC
		_item_opt	0358
		_battle_menu	03A5
		_show_fighter_stats	0432
		_battle_toggle_up	048A
		_battle_toggle_down	050E
		_asakawa_battle_check	0592
		_show_sprites	0618
		_main	076F
		_choice_handler	0800
		_hero_fight	0813
		_hero_defend_anim	096E
		_hero_fight_anim	0A4D
		_clear_screen	0B91
		_sprite_setup	0BB0
		_npc_fight	0C8B
		_print	0E0B
		_bkg_clean	1048
		_sprite_clean	1067
		_hide_sprites	1089
		_battle_print	10AE
		_battle_bkg_clean	12EB
		_rand	130A
		_randw	130A
		_itoa	1335
		_arand	1400
		_initarand	142C
		_reverse	1459
		__divschar_rrx_s	14B4
		__divschar_rrx_hds	14BB
		__modschar_rrx_s	14C2
		__modschar_rrx_hds	14C9
		__divsint_rrx_s	14CE
		__divsint_rrx_hds	14DA
		__modsint_rrx_s	14E2
		__modsint_rrx_hds	14EE
		__divuchar_rrx_s	14F4
		__divuchar_rrx_hds	14FB
		__moduchar_rrx_s	1502
		__moduchar_rrx_hds	1509
		__divuint_rrx_s	150E
		__divuint_rrx_hds	151A
		__moduint_rrx_s	1522
		__moduint_rrx_hds	152E
		.mod8	1534
		.div8	1534
		.mod16	153C
		.div16	153C
		.modu8	1576
		.divu8	1576
		.modu16	1579
		.divu16	1579
AREA _HEADER
	RADIX HEX
	BASE 0000
	SIZE 01E1
	ATTRIB ABS OVR
	GLOBALS
		_exit	01D2
AREA _HOME
	RADIX HEX
	BASE 15B6
	SIZE 01F9
	ATTRIB REL CON
	GLOBALS
		.set_mode	15B6
		.remove_VBL	15C6
		.remove_LCD	15CC
		.remove_TIM	15D2
		.remove_SIO	15D8
		.remove_JOY	15DE
		.add_VBL	15E4
		.add_LCD	15EA
		.add_TIM	15F0
		.add_SIO	15F6
		.add_JOY	15FC
		.remove_int	1602
		.add_int	1622
		.wait_vbl_done	163E
		_wait_vbl_done	163E
		_display_off	1655
		.display_off	1655
		.serial_IO	1676
		_mode	16A5
		_get_mode	16AE
		_enable_interrupts	16B3
		_disable_interrupts	16B5
		_reset	16B7
		.reset	16B7
		_set_interrupts	16BD
		_remove_VBL	16C8
		_remove_LCD	16D3
		_remove_TIM	16DE
		_remove_SIO	16E9
		_remove_JOY	16F4
		_add_VBL	16FF
		_add_LCD	170A
		_add_TIM	1715
		_add_SIO	1720
		_add_JOY	172B
		_clock	1736
		__printTStates	173F
		banked_call	1740
		banked_ret	1759
		__initrleblock	1762
		_strlen	1789
AREA _BASE
	RADIX HEX
	BASE 17AF
	SIZE 01F1
	ATTRIB REL CON
	GLOBALS
		_initrand	17AF
		.initrand	17B1
		.mv_sprite	17BA
		_move_sprite	17C9
		_set_win_data	17D6
		_set_bkg_data	17D6
		_set_sprite_data	1823
		.padup	1852
		_waitpadup	1852
		.jpad	1862
		.wait_pad	188F
		_joypad	1896
		_waitpad	189B
		.delay	18A5
		_delay	18DF
		.set_sprite_tile	18E8
		_set_sprite_tile	18F5
		.copy_vram	1900
		_get_data	190F
		_set_data	190F
		_set_bkg_tiles	1922
		.set_xy_wtt	1936
		.set_xy_btt	1947
		.set_xy_tt	1956
		_set_tiles	1987
AREA _LIT
	RADIX HEX
	BASE 19A0
	SIZE 0000
	ATTRIB REL CON
AREA _GSINIT
	RADIX HEX
	BASE 19A0
	SIZE 0E6F
	ATTRIB REL CON
	GLOBALS
		gsinit	19A0
AREA _GSINITTAIL
	RADIX HEX
	BASE 280F
	SIZE 0001
	ATTRIB REL CON
AREA _GSFINAL
	RADIX HEX
	BASE 2810
	SIZE 0000
	ATTRIB REL CON
AREA _DATA
	RADIX HEX
	BASE C0A0
	SIZE 1893
	ATTRIB REL CON
	GLOBALS
		_hero_pos	C9A6
		_asakawa_pos	C9AA
		_arrow_x	C9AE
		_arrow_y	C9AF
		_state	C9B0
		_asakawa_front_idle	D001
		_hero_back_idle	D081
		_blank_screen	D101
		_blank_screen_tiles	D269
		_ASAKAWA_HP	D2A9
		_HERO_HP	D2AA
		_h_hp	D2AB
		_choice	D2B3
		_enemy_choice	D2B4
		_y	D2B5
		_a	D2B6
		_chain_border	D2B7
		_font	D41F
		_chain_border_tiles	D6FF
		_small_chain_border	D79F
		_chars	D907
		_i	D92F
		_j	D930
		_cushion	D931
		_LETTER_COUNT	D932
AREA _BSS
	RADIX HEX
	BASE D933
	SIZE 0097
	ATTRIB REL CON
	GLOBALS
		__cpu	D933
		.mode	D934
		__io_out	D935
		__io_in	D936
		__io_status	D937
		.vbl_done	D938
		__current_bank	D939
		_sys_time	D93A
		.sys_time	D93A
		.int_0x40	D93C
		.int_0x48	D94C
		.int_0x50	D95C
		.int_0x58	D96C
		.int_0x60	D97C
		.randhi	D98C
		.randlo	D98D
AREA _HEAP
	RADIX HEX
	BASE D9CA
	SIZE 0000
	ATTRIB REL CON
	GLOBALS
		_malloc_heap_start	D9CA
AREA _OVERLAY
	RADIX HEX
	BASE D9CA
	SIZE 0000
	ATTRIB REL CON
AREA _ISEG
	RADIX HEX
	BASE D9CA
	SIZE 0000
	ATTRIB REL CON
AREA _BSEG
	RADIX HEX
	BASE D9CA
	SIZE 0000
	ATTRIB REL CON
AREA _XSEG
	RADIX HEX
	BASE D9CA
	SIZE 0000
	ATTRIB REL CON
MODULES
	FILE /opt/gbdk/lib/small/asxxxx/gb/crt0.o
		NAME Runtime
	FILE asakawa_battle.o
		NAME lcc193040
	FILE battle.o
		NAME lcc193000
	FILE ../../text/text.o
		NAME lcc192920
LIBRARIES
	LIBRARY /opt/gbdk/lib/small/asxxxx/gbz80/gbz80.lib
		MODULE crt0_rle.o
	LIBRARY /opt/gbdk/lib/small/asxxxx/gb/gb.lib
		MODULE rand.o
	LIBRARY /opt/gbdk/lib/small/asxxxx/gbz80/gbz80.lib
		MODULE itoa.o
	LIBRARY /opt/gbdk/lib/small/asxxxx/gb/gb.lib
		MODULE mv_spr.o
	LIBRARY /opt/gbdk/lib/small/asxxxx/gb/gb.lib
		MODULE arand.o
	LIBRARY /opt/gbdk/lib/small/asxxxx/gb/gb.lib
		MODULE set_data.o
	LIBRARY /opt/gbdk/lib/small/asxxxx/gbz80/gbz80.lib
		MODULE reverse.o
	LIBRARY /opt/gbdk/lib/small/asxxxx/gb/gb.lib
		MODULE pad.o
	LIBRARY /opt/gbdk/lib/small/asxxxx/gb/gb.lib
		MODULE delay.o
	LIBRARY /opt/gbdk/lib/small/asxxxx/gb/gb.lib
		MODULE set_spr.o
	LIBRARY /opt/gbdk/lib/small/asxxxx/gbz80/gbz80.lib
		MODULE strlen.o
	LIBRARY /opt/gbdk/lib/small/asxxxx/gb/gb.lib
		MODULE cpy_data.o
	LIBRARY /opt/gbdk/lib/small/asxxxx/gb/gb.lib
		MODULE set_bk_t.o
	LIBRARY /opt/gbdk/lib/small/asxxxx/gbz80/gbz80.lib
		MODULE div.o
	LIBRARY /opt/gbdk/lib/small/asxxxx/gb/gb.lib
		MODULE set_xy_t.o
USERBASEDEF
	_CODE=0x0200
	_DATA=0xC0A0
	_CODE_1=0x4000
USERGLOBALDEF
	.OAM=0xC000
	.STACK=0xE000
	.refresh_OAM=0xFF80
	.init=0x0000
