                              1 ;--------------------------------------------------------
                              2 ; File Created by SDCC : FreeWare ANSI-C Compiler
                              3 ; Version 2.3.1 Sun Apr 28 14:10:26 2019
                              4 
                              5 ;--------------------------------------------------------
                              6 	.module lcc27090
                              7 	
                              8 ;--------------------------------------------------------
                              9 ; Public variables in this module
                             10 ;--------------------------------------------------------
                             11 	.globl _ASAKAWA_HP
                             12 	.globl _HERO_HP
                             13 	.globl _bed_posy
                             14 	.globl _bed_posx
                             15 	.globl _asakawa_posy
                             16 	.globl _asakawa_posx
                             17 	.globl _student2_posy
                             18 	.globl _student2_posx
                             19 	.globl _student_posy
                             20 	.globl _student_posx
                             21 	.globl _miner_posy
                             22 	.globl _miner_posx
                             23 	.globl _fisherman2_posy
                             24 	.globl _fisherman2_posx
                             25 	.globl _fisherman_posy
                             26 	.globl _fisherman_posx
                             27 	.globl _hero_posy
                             28 	.globl _hero_posx
                             29 	.globl _anim_2
                             30 	.globl _anim_1
                             31 	.globl _health_loss
                             32 	.globl _crabs_to_catch
                             33 	.globl _APPEARED
                             34 	.globl _striking
                             35 	.globl _REVOLUTION_2
                             36 	.globl _REVOLUTION_1
                             37 	.globl _revolt
                             38 	.globl _talked
                             39 	.globl _SLEPT
                             40 	.globl _talking
                             41 	.globl _SAVE
                             42 	.globl _sprite_width
                             43 ;--------------------------------------------------------
                             44 ; special function registers
                             45 ;--------------------------------------------------------
                             46 ;--------------------------------------------------------
                             47 ; special function bits 
                             48 ;--------------------------------------------------------
                             49 ;--------------------------------------------------------
                             50 ; internal ram data
                             51 ;--------------------------------------------------------
                             52 	.area _DATA
   0000                      53 _sprite_width::
   0000                      54 	.ds 1
   0001                      55 _SAVE::
   0001                      56 	.ds 1
   0002                      57 _talking::
   0002                      58 	.ds 1
   0003                      59 _SLEPT::
   0003                      60 	.ds 1
   0004                      61 _talked::
   0004                      62 	.ds 1
   0005                      63 _revolt::
   0005                      64 	.ds 1
   0006                      65 _REVOLUTION_1::
   0006                      66 	.ds 1
   0007                      67 _REVOLUTION_2::
   0007                      68 	.ds 1
   0008                      69 _striking::
   0008                      70 	.ds 1
   0009                      71 _APPEARED::
   0009                      72 	.ds 1
   000A                      73 _crabs_to_catch::
   000A                      74 	.ds 1
   000B                      75 _health_loss::
   000B                      76 	.ds 1
   000C                      77 _anim_1::
   000C                      78 	.ds 1
   000D                      79 _anim_2::
   000D                      80 	.ds 1
   000E                      81 _hero_posx::
   000E                      82 	.ds 1
   000F                      83 _hero_posy::
   000F                      84 	.ds 1
   0010                      85 _fisherman_posx::
   0010                      86 	.ds 1
   0011                      87 _fisherman_posy::
   0011                      88 	.ds 1
   0012                      89 _fisherman2_posx::
   0012                      90 	.ds 1
   0013                      91 _fisherman2_posy::
   0013                      92 	.ds 1
   0014                      93 _miner_posx::
   0014                      94 	.ds 1
   0015                      95 _miner_posy::
   0015                      96 	.ds 1
   0016                      97 _student_posx::
   0016                      98 	.ds 1
   0017                      99 _student_posy::
   0017                     100 	.ds 1
   0018                     101 _student2_posx::
   0018                     102 	.ds 1
   0019                     103 _student2_posy::
   0019                     104 	.ds 1
   001A                     105 _asakawa_posx::
   001A                     106 	.ds 1
   001B                     107 _asakawa_posy::
   001B                     108 	.ds 1
   001C                     109 _bed_posx::
   001C                     110 	.ds 1
   001D                     111 _bed_posy::
   001D                     112 	.ds 1
   001E                     113 _HERO_HP::
   001E                     114 	.ds 1
   001F                     115 _ASAKAWA_HP::
   001F                     116 	.ds 2
                            117 ;--------------------------------------------------------
                            118 ; overlayable items in internal ram 
                            119 ;--------------------------------------------------------
                            120 	.area _OVERLAY
                            121 ;--------------------------------------------------------
                            122 ; indirectly addressable internal ram data
                            123 ;--------------------------------------------------------
                            124 	.area _ISEG
                            125 ;--------------------------------------------------------
                            126 ; bit data
                            127 ;--------------------------------------------------------
                            128 	.area _BSEG
                            129 ;--------------------------------------------------------
                            130 ; external ram data
                            131 ;--------------------------------------------------------
                            132 	.area _XSEG
                            133 ;--------------------------------------------------------
                            134 ; global & static initialisations
                            135 ;--------------------------------------------------------
                            136 	.area _GSINIT
                            137 	.area _GSFINAL
                            138 	.area _GSINIT
                            139 ;	assets/level_assets/level_assets.c 7
                            140 ;	genAssign
                            141 ;	AOP_HL for _sprite_width
   0000 21 00 00            142 	ld	hl,#_sprite_width
   0003 36 08               143 	ld	(hl),#0x08
                            144 ;	assets/level_assets/level_assets.c 9
                            145 ;	genAssign
                            146 ;	AOP_HL for _SAVE
   0005 21 01 00            147 	ld	hl,#_SAVE
   0008 36 00               148 	ld	(hl),#0x00
                            149 ;	assets/level_assets/level_assets.c 11
                            150 ;	genAssign
                            151 ;	AOP_HL for _talking
   000A 21 02 00            152 	ld	hl,#_talking
   000D 36 01               153 	ld	(hl),#0x01
                            154 ;	assets/level_assets/level_assets.c 12
                            155 ;	genAssign
                            156 ;	AOP_HL for _SLEPT
   000F 21 03 00            157 	ld	hl,#_SLEPT
   0012 36 00               158 	ld	(hl),#0x00
                            159 ;	assets/level_assets/level_assets.c 13
                            160 ;	genAssign
                            161 ;	AOP_HL for _talked
   0014 21 04 00            162 	ld	hl,#_talked
   0017 36 00               163 	ld	(hl),#0x00
                            164 ;	assets/level_assets/level_assets.c 14
                            165 ;	genAssign
                            166 ;	AOP_HL for _revolt
   0019 21 05 00            167 	ld	hl,#_revolt
   001C 36 00               168 	ld	(hl),#0x00
                            169 ;	assets/level_assets/level_assets.c 15
                            170 ;	genAssign
                            171 ;	AOP_HL for _REVOLUTION_1
   001E 21 06 00            172 	ld	hl,#_REVOLUTION_1
   0021 36 00               173 	ld	(hl),#0x00
                            174 ;	assets/level_assets/level_assets.c 16
                            175 ;	genAssign
                            176 ;	AOP_HL for _REVOLUTION_2
   0023 21 07 00            177 	ld	hl,#_REVOLUTION_2
   0026 36 00               178 	ld	(hl),#0x00
                            179 ;	assets/level_assets/level_assets.c 17
                            180 ;	genAssign
                            181 ;	AOP_HL for _striking
   0028 21 08 00            182 	ld	hl,#_striking
   002B 36 00               183 	ld	(hl),#0x00
                            184 ;	assets/level_assets/level_assets.c 18
                            185 ;	genAssign
                            186 ;	AOP_HL for _APPEARED
   002D 21 09 00            187 	ld	hl,#_APPEARED
   0030 36 00               188 	ld	(hl),#0x00
                            189 ;	assets/level_assets/level_assets.c 19
                            190 ;	genAssign
                            191 ;	AOP_HL for _crabs_to_catch
   0032 21 0A 00            192 	ld	hl,#_crabs_to_catch
   0035 36 01               193 	ld	(hl),#0x01
                            194 ;	assets/level_assets/level_assets.c 20
                            195 ;	genAssign
                            196 ;	AOP_HL for _health_loss
   0037 21 0B 00            197 	ld	hl,#_health_loss
   003A 36 00               198 	ld	(hl),#0x00
                            199 ;	assets/level_assets/level_assets.c 22
                            200 ;	genAssign
                            201 ;	AOP_HL for _anim_1
   003C 21 0C 00            202 	ld	hl,#_anim_1
   003F 36 20               203 	ld	(hl),#0x20
                            204 ;	assets/level_assets/level_assets.c 23
                            205 ;	genAssign
                            206 ;	AOP_HL for _anim_2
   0041 21 0D 00            207 	ld	hl,#_anim_2
   0044 36 22               208 	ld	(hl),#0x22
                            209 ;	assets/level_assets/level_assets.c 25
                            210 ;	genAssign
                            211 ;	AOP_HL for _hero_posx
   0046 21 0E 00            212 	ld	hl,#_hero_posx
   0049 36 C8               213 	ld	(hl),#0xC8
                            214 ;	assets/level_assets/level_assets.c 26
                            215 ;	genAssign
                            216 ;	AOP_HL for _hero_posy
   004B 21 0F 00            217 	ld	hl,#_hero_posy
   004E 36 C8               218 	ld	(hl),#0xC8
                            219 ;	assets/level_assets/level_assets.c 27
                            220 ;	genAssign
                            221 ;	AOP_HL for _fisherman_posx
   0050 21 10 00            222 	ld	hl,#_fisherman_posx
   0053 36 C8               223 	ld	(hl),#0xC8
                            224 ;	assets/level_assets/level_assets.c 28
                            225 ;	genAssign
                            226 ;	AOP_HL for _fisherman_posy
   0055 21 11 00            227 	ld	hl,#_fisherman_posy
   0058 36 C8               228 	ld	(hl),#0xC8
                            229 ;	assets/level_assets/level_assets.c 29
                            230 ;	genAssign
                            231 ;	AOP_HL for _fisherman2_posx
   005A 21 12 00            232 	ld	hl,#_fisherman2_posx
   005D 36 C8               233 	ld	(hl),#0xC8
                            234 ;	assets/level_assets/level_assets.c 30
                            235 ;	genAssign
                            236 ;	AOP_HL for _fisherman2_posy
   005F 21 13 00            237 	ld	hl,#_fisherman2_posy
   0062 36 C8               238 	ld	(hl),#0xC8
                            239 ;	assets/level_assets/level_assets.c 31
                            240 ;	genAssign
                            241 ;	AOP_HL for _miner_posx
   0064 21 14 00            242 	ld	hl,#_miner_posx
   0067 36 C8               243 	ld	(hl),#0xC8
                            244 ;	assets/level_assets/level_assets.c 32
                            245 ;	genAssign
                            246 ;	AOP_HL for _miner_posy
   0069 21 15 00            247 	ld	hl,#_miner_posy
   006C 36 C8               248 	ld	(hl),#0xC8
                            249 ;	assets/level_assets/level_assets.c 33
                            250 ;	genAssign
                            251 ;	AOP_HL for _student_posx
   006E 21 16 00            252 	ld	hl,#_student_posx
   0071 36 C8               253 	ld	(hl),#0xC8
                            254 ;	assets/level_assets/level_assets.c 34
                            255 ;	genAssign
                            256 ;	AOP_HL for _student_posy
   0073 21 17 00            257 	ld	hl,#_student_posy
   0076 36 C8               258 	ld	(hl),#0xC8
                            259 ;	assets/level_assets/level_assets.c 35
                            260 ;	genAssign
                            261 ;	AOP_HL for _student2_posx
   0078 21 18 00            262 	ld	hl,#_student2_posx
   007B 36 C8               263 	ld	(hl),#0xC8
                            264 ;	assets/level_assets/level_assets.c 36
                            265 ;	genAssign
                            266 ;	AOP_HL for _student2_posy
   007D 21 19 00            267 	ld	hl,#_student2_posy
   0080 36 C8               268 	ld	(hl),#0xC8
                            269 ;	assets/level_assets/level_assets.c 37
                            270 ;	genAssign
                            271 ;	AOP_HL for _asakawa_posx
   0082 21 1A 00            272 	ld	hl,#_asakawa_posx
   0085 36 C8               273 	ld	(hl),#0xC8
                            274 ;	assets/level_assets/level_assets.c 38
                            275 ;	genAssign
                            276 ;	AOP_HL for _asakawa_posy
   0087 21 1B 00            277 	ld	hl,#_asakawa_posy
   008A 36 C8               278 	ld	(hl),#0xC8
                            279 ;	assets/level_assets/level_assets.c 39
                            280 ;	genAssign
                            281 ;	AOP_HL for _bed_posx
   008C 21 1C 00            282 	ld	hl,#_bed_posx
   008F 36 C8               283 	ld	(hl),#0xC8
                            284 ;	assets/level_assets/level_assets.c 40
                            285 ;	genAssign
                            286 ;	AOP_HL for _bed_posy
   0091 21 1D 00            287 	ld	hl,#_bed_posy
   0094 36 C8               288 	ld	(hl),#0xC8
                            289 ;	assets/level_assets/level_assets.c 42
                            290 ;	genAssign
                            291 ;	AOP_HL for _HERO_HP
   0096 21 1E 00            292 	ld	hl,#_HERO_HP
   0099 36 0A               293 	ld	(hl),#0x0A
                            294 ;	assets/level_assets/level_assets.c 43
                            295 ;	genAssign
                            296 ;	AOP_HL for _ASAKAWA_HP
   009B 21 1F 00            297 	ld	hl,#_ASAKAWA_HP
   009E 36 64               298 	ld	(hl),#0x64
   00A0 23                  299 	inc	hl
   00A1 36 00               300 	ld	(hl),#0x00
                            301 ;--------------------------------------------------------
                            302 ; Home
                            303 ;--------------------------------------------------------
                            304 	.area _HOME
                            305 	.area _CODE
                            306 ;--------------------------------------------------------
                            307 ; code
                            308 ;--------------------------------------------------------
                            309 	.area _CODE
                            310 	.area _CODE
ASxxxx Assembler V01.75  (GameBoy Z80-like CPU), page 1.

Symbol Table

  1 _APPEARED                          0009 GR
  1 _ASAKAWA_HP                        001F GR
  1 _HERO_HP                           001E GR
  1 _REVOLUTION_1                      0006 GR
  1 _REVOLUTION_2                      0007 GR
  1 _SAVE                              0001 GR
  1 _SLEPT                             0003 GR
  1 _anim_1                            000C GR
  1 _anim_2                            000D GR
  1 _asakawa_posx                      001A GR
  1 _asakawa_posy                      001B GR
  1 _bed_posx                          001C GR
  1 _bed_posy                          001D GR
  1 _crabs_to_catch                    000A GR
  1 _fisherman2_posx                   0012 GR
  1 _fisherman2_posy                   0013 GR
  1 _fisherman_posx                    0010 GR
  1 _fisherman_posy                    0011 GR
  1 _health_loss                       000B GR
  1 _hero_posx                         000E GR
  1 _hero_posy                         000F GR
  1 _miner_posx                        0014 GR
  1 _miner_posy                        0015 GR
  1 _revolt                            0005 GR
  1 _sprite_width                      0000 GR
  1 _striking                          0008 GR
  1 _student2_posx                     0018 GR
  1 _student2_posy                     0019 GR
  1 _student_posx                      0016 GR
  1 _student_posy                      0017 GR
  1 _talked                            0004 GR
  1 _talking                           0002 GR

ASxxxx Assembler V01.75  (GameBoy Z80-like CPU), page 2.

Area Table

   0 _CODE                              size    0   flags 0
   1 _DATA                              size   21   flags 0
   2 _OVERLAY                           size    0   flags 0
   3 _ISEG                              size    0   flags 0
   4 _BSEG                              size    0   flags 0
   5 _XSEG                              size    0   flags 0
   6 _GSINIT                            size   A3   flags 0
   7 _GSFINAL                           size    0   flags 0
   8 _HOME                              size    0   flags 0
