                              1 ;--------------------------------------------------------
                              2 ; File Created by SDCC : FreeWare ANSI-C Compiler
                              3 ; Version 2.3.1 Sun Oct 28 10:47:55 2018
                              4 
                              5 ;--------------------------------------------------------
                              6 	.module lcc17290
                              7 	
                              8 ;--------------------------------------------------------
                              9 ; Public variables in this module
                             10 ;--------------------------------------------------------
                             11 	.globl _main
                             12 ;--------------------------------------------------------
                             13 ; special function registers
                             14 ;--------------------------------------------------------
                             15 ;--------------------------------------------------------
                             16 ; special function bits 
                             17 ;--------------------------------------------------------
                             18 ;--------------------------------------------------------
                             19 ; internal ram data
                             20 ;--------------------------------------------------------
                             21 	.area _DATA
                             22 ;--------------------------------------------------------
                             23 ; overlayable items in internal ram 
                             24 ;--------------------------------------------------------
                             25 	.area _OVERLAY
                             26 ;--------------------------------------------------------
                             27 ; indirectly addressable internal ram data
                             28 ;--------------------------------------------------------
                             29 	.area _ISEG
                             30 ;--------------------------------------------------------
                             31 ; bit data
                             32 ;--------------------------------------------------------
                             33 	.area _BSEG
                             34 ;--------------------------------------------------------
                             35 ; external ram data
                             36 ;--------------------------------------------------------
                             37 	.area _XSEG
                             38 ;--------------------------------------------------------
                             39 ; global & static initialisations
                             40 ;--------------------------------------------------------
                             41 	.area _GSINIT
                             42 	.area _GSFINAL
                             43 	.area _GSINIT
                             44 ;--------------------------------------------------------
                             45 ; Home
                             46 ;--------------------------------------------------------
                             47 	.area _HOME
                             48 	.area _CODE
                             49 ;--------------------------------------------------------
                             50 ; code
                             51 ;--------------------------------------------------------
                             52 	.area _CODE
                             53 ;	music.c 9
                             54 ;	genLabel
                             55 ;	genFunction
                             56 ;	---------------------------------
                             57 ; Function main
                             58 ; ---------------------------------
   0000                      59 ___main_start:
   0000                      60 _main:
                             61 	
                             62 ;	music.c 14
                             63 ;	genAssign
   0000 01 26 FF             64 	ld	bc,#0xFF26
                             65 ;	genAssign (pointer)
   0003 3E 80                66 	ld	a,#0x80
   0005 02                   67 	ld	(bc),a
                             68 ;	music.c 15
                             69 ;	genAssign
   0006 01 25 FF             70 	ld	bc,#0xFF25
                             71 ;	genAssign (pointer)
   0009 3E 11                72 	ld	a,#0x11
   000B 02                   73 	ld	(bc),a
                             74 ;	music.c 16
                             75 ;	genAssign
   000C 01 24 FF             76 	ld	bc,#0xFF24
                             77 ;	genAssign (pointer)
   000F 3E 77                78 	ld	a,#0x77
   0011 02                   79 	ld	(bc),a
                             80 ;	music.c 18
                             81 ;	genAssign
   0012 01 10 FF             82 	ld	bc,#0xFF10
                             83 ;	genAssign (pointer)
   0015 3E F7                84 	ld	a,#0xF7
   0017 02                   85 	ld	(bc),a
                             86 ;	music.c 19
                             87 ;	genAssign
   0018 01 11 FF             88 	ld	bc,#0xFF11
                             89 ;	genAssign (pointer)
   001B 3E 80                90 	ld	a,#0x80
   001D 02                   91 	ld	(bc),a
                             92 ;	music.c 20
                             93 ;	genAssign
   001E 01 12 FF             94 	ld	bc,#0xFF12
                             95 ;	genAssign (pointer)
   0021 3E F0                96 	ld	a,#0xF0
   0023 02                   97 	ld	(bc),a
                             98 ;	music.c 21
                             99 ;	genAssign
   0024 01 13 FF            100 	ld	bc,#0xFF13
                            101 ;	genAssign (pointer)
   0027 3E B8               102 	ld	a,#0xB8
   0029 02                  103 	ld	(bc),a
                            104 ;	music.c 22
                            105 ;	genAssign
   002A 01 14 FF            106 	ld	bc,#0xFF14
                            107 ;	genAssign (pointer)
   002D 3E C1               108 	ld	a,#0xC1
   002F 02                  109 	ld	(bc),a
                            110 ;	genLabel
   0030                     111 00101$:
                            112 ;	genEndFunction
                            113 	
   0030 C9                  114 	ret
   0031                     115 ___main_end:
                            116 	.area _CODE
ASxxxx Assembler V01.75  (GameBoy Z80-like CPU), page 1.

Symbol Table

  0 ___main_end                        0031 R
  0 ___main_start                      0000 R
  0 _main                              0000 GR

ASxxxx Assembler V01.75  (GameBoy Z80-like CPU), page 2.

Area Table

   0 _CODE                              size   31   flags 0
   1 _DATA                              size    0   flags 0
   2 _OVERLAY                           size    0   flags 0
   3 _ISEG                              size    0   flags 0
   4 _BSEG                              size    0   flags 0
   5 _XSEG                              size    0   flags 0
   6 _GSINIT                            size    0   flags 0
   7 _GSFINAL                           size    0   flags 0
   8 _HOME                              size    0   flags 0
