                              1 ;--------------------------------------------------------
                              2 ; File Created by SDCC : FreeWare ANSI-C Compiler
                              3 ; Version 2.3.1 Mon Mar  4 15:06:17 2019
                              4 
                              5 ;--------------------------------------------------------
                              6 	.module lcc278570
                              7 	
                              8 ;--------------------------------------------------------
                              9 ; Public variables in this module
                             10 ;--------------------------------------------------------
                             11 	.globl _level_1_screen_tiles
                             12 ;--------------------------------------------------------
                             13 ; special function registers
                             14 ;--------------------------------------------------------
                             15 ;--------------------------------------------------------
                             16 ; special function bits 
                             17 ;--------------------------------------------------------
                             18 ;--------------------------------------------------------
                             19 ; internal ram data
                             20 ;--------------------------------------------------------
                             21 	.area _DATA
   0000                      22 _level_1_screen_tiles::
   0000                      23 	.ds 640
                             24 ;--------------------------------------------------------
                             25 ; overlayable items in internal ram 
                             26 ;--------------------------------------------------------
                             27 	.area _OVERLAY
                             28 ;--------------------------------------------------------
                             29 ; indirectly addressable internal ram data
                             30 ;--------------------------------------------------------
                             31 	.area _ISEG
                             32 ;--------------------------------------------------------
                             33 ; bit data
                             34 ;--------------------------------------------------------
                             35 	.area _BSEG
                             36 ;--------------------------------------------------------
                             37 ; external ram data
                             38 ;--------------------------------------------------------
                             39 	.area _XSEG
                             40 ;--------------------------------------------------------
                             41 ; global & static initialisations
                             42 ;--------------------------------------------------------
                             43 	.area _GSINIT
                             44 	.area _GSFINAL
                             45 	.area _GSINIT
                             46 ;	level_1_screen_tiles.c 26
                             47 ;	level_1_screen_tiles.c 109
                             48 ;	genArrayInit
                             49 ; _saveRegsForCall: sendSetSize: 0 deInUse: 0 bcInUse: 0 deSending: 0
   0000 21 00 00             50 	ld	hl,#_level_1_screen_tiles
   0003 CD 00 00             51 	call	__initrleblock
   0006 0A                   52 	.db	10
   0007 C7 C7 93 93 39 39    53 	.db	0xC7, 0xC7, 0x93, 0x93, 0x39, 0x39, 0x39, 0x39
        39 39
   000F 01 01                54 	.db	0x01, 0x01
   0011 FA 39                55 	.db	-6,0x39
   0013 14                   56 	.db	20
   0014 03 03 39 39 39 39    57 	.db	0x03, 0x03, 0x39, 0x39, 0x39, 0x39, 0x03, 0x03
        03 03
   001C 39 39 39 39 3B 3B    58 	.db	0x39, 0x39, 0x39, 0x39, 0x3B, 0x3B, 0x03, 0x03
        03 03
   0024 07 07 33 33          59 	.db	0x07, 0x07, 0x33, 0x33
   0028 FA 39                60 	.db	-6,0x39
   002A 0E                   61 	.db	14
   002B 3B 3B 33 33 07 07    62 	.db	0x3B, 0x3B, 0x33, 0x33, 0x07, 0x07, 0x01, 0x01
        01 01
   0033 3F 3F 3F 3F 03 03    63 	.db	0x3F, 0x3F, 0x3F, 0x3F, 0x03, 0x03
   0039 FA 3F                64 	.db	-6,0x3F
   003B 0A                   65 	.db	10
   003C 01 01 01 01 3F 3F    66 	.db	0x01, 0x01, 0x01, 0x01, 0x3F, 0x3F, 0x3F, 0x3F
        3F 3F
   0044 03 03                67 	.db	0x03, 0x03
   0046 F8 3F                68 	.db	-8,0x3F
   0048 10                   69 	.db	16
   0049 C1 C1 9F 9F 3F 3F    70 	.db	0xC1, 0xC1, 0x9F, 0x9F, 0x3F, 0x3F, 0x3F, 0x3F
        3F 3F
   0051 31 31 39 39 99 99    71 	.db	0x31, 0x31, 0x39, 0x39, 0x99, 0x99, 0xC1, 0xC1
        C1 C1
   0059 FA 39                72 	.db	-6,0x39
   005B 02                   73 	.db	2
   005C 01 01                74 	.db	0x01, 0x01
   005E F8 39                75 	.db	-8,0x39
   0060 02                   76 	.db	2
   0061 03 03                77 	.db	0x03, 0x03
   0063 F4 CF                78 	.db	-12,0xCF
   0065 02                   79 	.db	2
   0066 03 03                80 	.db	0x03, 0x03
   0068 F4 F9                81 	.db	-12,0xF9
   006A 14                   82 	.db	20
   006B 39 39 83 83 39 39    83 	.db	0x39, 0x39, 0x83, 0x83, 0x39, 0x39, 0x33, 0x33
        33 33
   0073 27 27 0F 0F 0F 0F    84 	.db	0x27, 0x27, 0x0F, 0x0F, 0x0F, 0x0F, 0x27, 0x27
        27 27
   007B 33 33 39 39          85 	.db	0x33, 0x33, 0x39, 0x39
   007F F2 3F                86 	.db	-14,0x3F
   0081 0A                   87 	.db	10
   0082 01 01 39 39 11 11    88 	.db	0x01, 0x01, 0x39, 0x39, 0x11, 0x11, 0x01, 0x01
        01 01
   008A 29 29                89 	.db	0x29, 0x29
   008C F6 39                90 	.db	-10,0x39
   008E 10                   91 	.db	16
   008F 19 19 09 09 01 01    92 	.db	0x19, 0x19, 0x09, 0x09, 0x01, 0x01, 0x01, 0x01
        01 01
   0097 21 21 31 31 39 39    93 	.db	0x21, 0x21, 0x31, 0x31, 0x39, 0x39, 0x83, 0x83
        83 83
   009F F4 39                94 	.db	-12,0x39
   00A1 0A                   95 	.db	10
   00A2 83 83 03 03 39 39    96 	.db	0x83, 0x83, 0x03, 0x03, 0x39, 0x39, 0x39, 0x39
        39 39
   00AA 03 03                97 	.db	0x03, 0x03
   00AC F8 3F                98 	.db	-8,0x3F
   00AE 02                   99 	.db	2
   00AF 83 83               100 	.db	0x83, 0x83
   00B1 F8 39               101 	.db	-8,0x39
   00B3 08                  102 	.db	8
   00B4 21 21 33 33 85 85   103 	.db	0x21, 0x21, 0x33, 0x33, 0x85, 0x85, 0x03, 0x03
        03 03
   00BC FA 39               104 	.db	-6,0x39
   00BE 1A                  105 	.db	26
   00BF 31 31 07 07 23 23   106 	.db	0x31, 0x31, 0x07, 0x07, 0x23, 0x23, 0x31, 0x31
        31 31
   00C7 83 83 39 39 3F 3F   107 	.db	0x83, 0x83, 0x39, 0x39, 0x3F, 0x3F, 0x83, 0x83
        83 83
   00CF F9 F9 F9 F9 39 39   108 	.db	0xF9, 0xF9, 0xF9, 0xF9, 0x39, 0x39, 0x83, 0x83
        83 83
   00D7 03 03               109 	.db	0x03, 0x03
   00D9 F2 CF               110 	.db	-14,0xCF
   00DB F2 39               111 	.db	-14,0x39
   00DD 02                  112 	.db	2
   00DE 83 83               113 	.db	0x83, 0x83
   00E0 F6 39               114 	.db	-10,0x39
   00E2 06                  115 	.db	6
   00E3 93 93 C7 C7 EF EF   116 	.db	0x93, 0x93, 0xC7, 0xC7, 0xEF, 0xEF
   00E9 F8 39               117 	.db	-8,0x39
   00EB 18                  118 	.db	24
   00EC 29 29 01 01 11 11   119 	.db	0x29, 0x29, 0x01, 0x01, 0x11, 0x11, 0x39, 0x39
        39 39
   00F4 39 39 11 11 93 93   120 	.db	0x39, 0x39, 0x11, 0x11, 0x93, 0x93, 0xC7, 0xC7
        C7 C7
   00FC C7 C7 93 93 11 11   121 	.db	0xC7, 0xC7, 0x93, 0x93, 0x11, 0x11, 0x39, 0x39
        39 39
   0104 FA 33               122 	.db	-6,0x33
   0106 02                  123 	.db	2
   0107 87 87               124 	.db	0x87, 0x87
   0109 F8 CF               125 	.db	-8,0xCF
   010B 10                  126 	.db	16
   010C 01 01 F9 F9 F3 F3   127 	.db	0x01, 0x01, 0xF9, 0xF9, 0xF3, 0xF3, 0xE7, 0xE7
        E7 E7
   0114 CF CF 9F 9F 3F 3F   128 	.db	0xCF, 0xCF, 0x9F, 0x9F, 0x3F, 0x3F, 0x01, 0x01
        01 01
   011C F0 FF               129 	.db	-16,0xFF
   011E EF 00               130 	.db	-17,0x00
   0120 23                  131 	.db	35
   0121 FF 00 FF 00 FF 00   132 	.db	0xFF, 0x00, 0xFF, 0x00, 0xFF, 0x00, 0xFF, 0x00
        FF 00
   0129 FF 00 FF 00 FF 00   133 	.db	0xFF, 0x00, 0xFF, 0x00, 0xFF, 0x00, 0xFF, 0xFF
        FF FF
   0131 00 FF 00 FF 00 FF   134 	.db	0x00, 0xFF, 0x00, 0xFF, 0x00, 0xFF, 0x00, 0xFF
        00 FF
   0139 00 FF 00 FF 00 FF   135 	.db	0x00, 0xFF, 0x00, 0xFF, 0x00, 0xFF, 0x00, 0xC3
        00 C3
   0141 C3 99 99            136 	.db	0xC3, 0x99, 0x99
   0144 F8 3F               137 	.db	-8,0x3F
   0146 08                  138 	.db	8
   0147 99 99 C3 C3 C7 C7   139 	.db	0x99, 0x99, 0xC3, 0xC3, 0xC7, 0xC7, 0xB3, 0xB3
        B3 B3
   014F F8 39               140 	.db	-8,0x39
   0151 08                  141 	.db	8
   0152 9B 9B C7 C7 CF CF   142 	.db	0x9B, 0x9B, 0xC7, 0xC7, 0xCF, 0xCF, 0x8F, 0x8F
        8F 8F
   015A F6 CF               143 	.db	-10,0xCF
   015C 2C                  144 	.db	44
   015D 03 03 83 83 39 39   145 	.db	0x03, 0x03, 0x83, 0x83, 0x39, 0x39, 0xF9, 0xF9
        F9 F9
   0165 F3 F3 C7 C7 9F 9F   146 	.db	0xF3, 0xF3, 0xC7, 0xC7, 0x9F, 0x9F, 0x3F, 0x3F
        3F 3F
   016D 01 01 01 01 F3 F3   147 	.db	0x01, 0x01, 0x01, 0x01, 0xF3, 0xF3, 0xE7, 0xE7
        E7 E7
   0175 C3 C3 F9 F9 F9 F9   148 	.db	0xC3, 0xC3, 0xF9, 0xF9, 0xF9, 0xF9, 0x39, 0x39
        39 39
   017D 83 83 F3 F3 C3 C3   149 	.db	0x83, 0x83, 0xF3, 0xF3, 0xC3, 0xC3, 0x93, 0x93
        93 93
   0185 33 33 01 01         150 	.db	0x33, 0x33, 0x01, 0x01
   0189 FA F3               151 	.db	-6,0xF3
   018B 18                  152 	.db	24
   018C 03 03 3F 3F 3F 3F   153 	.db	0x03, 0x03, 0x3F, 0x3F, 0x3F, 0x3F, 0x03, 0x03
        03 03
   0194 F9 F9 F9 F9 39 39   154 	.db	0xF9, 0xF9, 0xF9, 0xF9, 0x39, 0x39, 0x83, 0x83
        83 83
   019C C3 C3 9F 9F 3F 3F   155 	.db	0xC3, 0xC3, 0x9F, 0x9F, 0x3F, 0x3F, 0x03, 0x03
        03 03
   01A4 FA 39               156 	.db	-6,0x39
   01A6 0C                  157 	.db	12
   01A7 83 83 01 01 39 39   158 	.db	0x83, 0x83, 0x01, 0x01, 0x39, 0x39, 0xF9, 0xF9
        F9 F9
   01AF F3 F3 E7 E7         159 	.db	0xF3, 0xF3, 0xE7, 0xE7
   01B3 FA CF               160 	.db	-6,0xCF
   01B5 12                  161 	.db	18
   01B6 87 87 3B 3B 1B 1B   162 	.db	0x87, 0x87, 0x3B, 0x3B, 0x1B, 0x1B, 0x87, 0x87
        87 87
   01BE 61 61 79 79 79 79   163 	.db	0x61, 0x61, 0x79, 0x79, 0x79, 0x79, 0x83, 0x83
        83 83
   01C6 83 83               164 	.db	0x83, 0x83
   01C8 FA 39               165 	.db	-6,0x39
   01CA 08                  166 	.db	8
   01CB 81 81 F9 F9 F3 F3   167 	.db	0x81, 0x81, 0xF9, 0xF9, 0xF3, 0xF3, 0x87, 0x87
        87 87
   01D3 00                  168 	.db	0
                            169 ;--------------------------------------------------------
                            170 ; Home
                            171 ;--------------------------------------------------------
                            172 	.area _HOME
                            173 	.area _CODE
                            174 ;--------------------------------------------------------
                            175 ; code
                            176 ;--------------------------------------------------------
                            177 	.area _CODE
                            178 	.area _CODE
ASxxxx Assembler V01.75  (GameBoy Z80-like CPU), page 1.

Symbol Table

    __initrleblock                     **** GX
  1 _level_1_screen_tiles              0000 GR

ASxxxx Assembler V01.75  (GameBoy Z80-like CPU), page 2.

Area Table

   0 _CODE                              size    0   flags 0
   1 _DATA                              size  280   flags 0
   2 _OVERLAY                           size    0   flags 0
   3 _ISEG                              size    0   flags 0
   4 _BSEG                              size    0   flags 0
   5 _XSEG                              size    0   flags 0
   6 _GSINIT                            size  1D4   flags 0
   7 _GSFINAL                           size    0   flags 0
   8 _HOME                              size    0   flags 0
