                              1 ;--------------------------------------------------------
                              2 ; File Created by SDCC : FreeWare ANSI-C Compiler
                              3 ; Version 2.3.1 Mon Mar  4 15:06:17 2019
                              4 
                              5 ;--------------------------------------------------------
                              6 	.module lcc278530
                              7 	
                              8 ;--------------------------------------------------------
                              9 ; Public variables in this module
                             10 ;--------------------------------------------------------
                             11 	.globl _level_1_screen
                             12 ;--------------------------------------------------------
                             13 ; special function registers
                             14 ;--------------------------------------------------------
                             15 ;--------------------------------------------------------
                             16 ; special function bits 
                             17 ;--------------------------------------------------------
                             18 ;--------------------------------------------------------
                             19 ; internal ram data
                             20 ;--------------------------------------------------------
                             21 	.area _DATA
   0000                      22 _level_1_screen::
   0000                      23 	.ds 360
                             24 ;--------------------------------------------------------
                             25 ; overlayable items in internal ram 
                             26 ;--------------------------------------------------------
                             27 	.area _OVERLAY
                             28 ;--------------------------------------------------------
                             29 ; indirectly addressable internal ram data
                             30 ;--------------------------------------------------------
                             31 	.area _ISEG
                             32 ;--------------------------------------------------------
                             33 ; bit data
                             34 ;--------------------------------------------------------
                             35 	.area _BSEG
                             36 ;--------------------------------------------------------
                             37 ; external ram data
                             38 ;--------------------------------------------------------
                             39 	.area _XSEG
                             40 ;--------------------------------------------------------
                             41 ; global & static initialisations
                             42 ;--------------------------------------------------------
                             43 	.area _GSINIT
                             44 	.area _GSFINAL
                             45 	.area _GSINIT
                             46 ;	level_1_screen.c 25
                             47 ;	level_1_screen.c 64
                             48 ;	genArrayInit
                             49 ; _saveRegsForCall: sendSetSize: 0 deInUse: 0 bcInUse: 0 deSending: 0
   0000 21 00 00             50 	ld	hl,#_level_1_screen
   0003 CD 00 00             51 	call	__initrleblock
   0006 94 19                52 	.db	-108,0x19
   0008 05                   53 	.db	5
   0009 0A 03 14 03 0A       54 	.db	0x0A, 0x03, 0x14, 0x03, 0x0A
   000E DB 19                55 	.db	-37,0x19
   0010 01                   56 	.db	1
   0011 1F                   57 	.db	0x1F
   0012 C8 19                58 	.db	-56,0x19
   0014 07                   59 	.db	7
   0015 15 03 0A 1D 0D 0B    60 	.db	0x15, 0x03, 0x0A, 0x1D, 0x0D, 0x0B, 0x03
        03
   001C DD 19                61 	.db	-35,0x19
   001E 02                   62 	.db	2
   001F 12 0D                63 	.db	0x12, 0x0D
   0021 DB 19                64 	.db	-37,0x19
   0023 04                   65 	.db	4
   0024 06 03 0A 0A          66 	.db	0x06, 0x03, 0x0A, 0x0A
   0028 BC 19                67 	.db	-68,0x19
   002A 00                   68 	.db	0
                             69 ;--------------------------------------------------------
                             70 ; Home
                             71 ;--------------------------------------------------------
                             72 	.area _HOME
                             73 	.area _CODE
                             74 ;--------------------------------------------------------
                             75 ; code
                             76 ;--------------------------------------------------------
                             77 	.area _CODE
                             78 	.area _CODE
ASxxxx Assembler V01.75  (GameBoy Z80-like CPU), page 1.

Symbol Table

    __initrleblock                     **** GX
  1 _level_1_screen                    0000 GR

ASxxxx Assembler V01.75  (GameBoy Z80-like CPU), page 2.

Area Table

   0 _CODE                              size    0   flags 0
   1 _DATA                              size  168   flags 0
   2 _OVERLAY                           size    0   flags 0
   3 _ISEG                              size    0   flags 0
   4 _BSEG                              size    0   flags 0
   5 _XSEG                              size    0   flags 0
   6 _GSINIT                            size   2B   flags 0
   7 _GSFINAL                           size    0   flags 0
   8 _HOME                              size    0   flags 0
