                              1 ;--------------------------------------------------------
                              2 ; File Created by SDCC : FreeWare ANSI-C Compiler
                              3 ; Version 2.3.1 Fri May  3 22:33:57 2019
                              4 
                              5 ;--------------------------------------------------------
                              6 	.module lcc140380
                              7 	
                              8 ;--------------------------------------------------------
                              9 ; Public variables in this module
                             10 ;--------------------------------------------------------
                             11 	.globl _norm_crab
                             12 ;--------------------------------------------------------
                             13 ; special function registers
                             14 ;--------------------------------------------------------
                             15 ;--------------------------------------------------------
                             16 ; special function bits 
                             17 ;--------------------------------------------------------
                             18 ;--------------------------------------------------------
                             19 ; internal ram data
                             20 ;--------------------------------------------------------
                             21 	.area _DATA
   0000                      22 _norm_crab::
   0000                      23 	.ds 128
                             24 ;--------------------------------------------------------
                             25 ; overlayable items in internal ram 
                             26 ;--------------------------------------------------------
                             27 	.area _OVERLAY
                             28 ;--------------------------------------------------------
                             29 ; indirectly addressable internal ram data
                             30 ;--------------------------------------------------------
                             31 	.area _ISEG
                             32 ;--------------------------------------------------------
                             33 ; bit data
                             34 ;--------------------------------------------------------
                             35 	.area _BSEG
                             36 ;--------------------------------------------------------
                             37 ; external ram data
                             38 ;--------------------------------------------------------
                             39 	.area _XSEG
                             40 ;--------------------------------------------------------
                             41 ; global & static initialisations
                             42 ;--------------------------------------------------------
                             43 	.area _GSINIT
                             44 	.area _GSFINAL
                             45 	.area _GSINIT
                             46 ;	assets/sprites/norm_crab.c 26
                             47 ;	assets/sprites/norm_crab.c 45
                             48 ;	genArrayInit
                             49 ; _saveRegsForCall: sendSetSize: 0 deInUse: 0 bcInUse: 0 deSending: 0
   0000 21 00 00             50 	ld	hl,#_norm_crab
   0003 CD 00 00             51 	call	__initrleblock
   0006 18                   52 	.db	24
   0007 00 00 00 00 02 02    53 	.db	0x00, 0x00, 0x00, 0x00, 0x02, 0x02, 0x00, 0x02
        00 02
   000F 00 02 00 07 00 0F    54 	.db	0x00, 0x02, 0x00, 0x07, 0x00, 0x0F, 0x00, 0x1F
        00 1F
   0017 00 C7 00 FB 00 04    55 	.db	0x00, 0xC7, 0x00, 0xFB, 0x00, 0x04, 0x00, 0x08
        00 08
   001F F4 00                56 	.db	-12,0x00
   0021 14                   57 	.db	20
   0022 40 40 00 40 00 40    58 	.db	0x40, 0x40, 0x00, 0x40, 0x00, 0x40, 0x00, 0xE0
        00 E0
   002A 00 F0 00 F8 00 E3    59 	.db	0x00, 0xF0, 0x00, 0xF8, 0x00, 0xE3, 0x00, 0xDF
        00 DF
   0032 00 20 00 10          60 	.db	0x00, 0x20, 0x00, 0x10
   0036 F4 00                61 	.db	-12,0x00
   0038 14                   62 	.db	20
   0039 02 02 00 02 00 02    63 	.db	0x02, 0x02, 0x00, 0x02, 0x00, 0x02, 0x00, 0x07
        00 07
   0041 00 0F 00 1F 00 A7    64 	.db	0x00, 0x0F, 0x00, 0x1F, 0x00, 0xA7, 0x00, 0xFB
        00 FB
   0049 00 04 00 08          65 	.db	0x00, 0x04, 0x00, 0x08
   004D F4 00                66 	.db	-12,0x00
   004F 14                   67 	.db	20
   0050 40 40 00 40 00 40    68 	.db	0x40, 0x40, 0x00, 0x40, 0x00, 0x40, 0x00, 0xE0
        00 E0
   0058 00 F0 00 F8 00 E5    69 	.db	0x00, 0xF0, 0x00, 0xF8, 0x00, 0xE5, 0x00, 0xDF
        00 DF
   0060 00 20 00 10          70 	.db	0x00, 0x20, 0x00, 0x10
   0064 F8 00                71 	.db	-8,0x00
   0066 00                   72 	.db	0
                             73 ;--------------------------------------------------------
                             74 ; Home
                             75 ;--------------------------------------------------------
                             76 	.area _HOME
                             77 	.area _CODE
                             78 ;--------------------------------------------------------
                             79 ; code
                             80 ;--------------------------------------------------------
                             81 	.area _CODE
                             82 	.area _CODE
ASxxxx Assembler V01.75  (GameBoy Z80-like CPU), page 1.

Symbol Table

    __initrleblock                     **** GX
  1 _norm_crab                         0000 GR

ASxxxx Assembler V01.75  (GameBoy Z80-like CPU), page 2.

Area Table

   0 _CODE                              size    0   flags 0
   1 _DATA                              size   80   flags 0
   2 _OVERLAY                           size    0   flags 0
   3 _ISEG                              size    0   flags 0
   4 _BSEG                              size    0   flags 0
   5 _XSEG                              size    0   flags 0
   6 _GSINIT                            size   67   flags 0
   7 _GSFINAL                           size    0   flags 0
   8 _HOME                              size    0   flags 0
