                              1 ;--------------------------------------------------------
                              2 ; File Created by SDCC : FreeWare ANSI-C Compiler
                              3 ; Version 2.3.1 Sun Apr 28 14:10:26 2019
                              4 
                              5 ;--------------------------------------------------------
                              6 	.module lcc26730
                              7 	
                              8 ;--------------------------------------------------------
                              9 ; Public variables in this module
                             10 ;--------------------------------------------------------
                             11 	.globl _student_idle_back
                             12 ;--------------------------------------------------------
                             13 ; special function registers
                             14 ;--------------------------------------------------------
                             15 ;--------------------------------------------------------
                             16 ; special function bits 
                             17 ;--------------------------------------------------------
                             18 ;--------------------------------------------------------
                             19 ; internal ram data
                             20 ;--------------------------------------------------------
                             21 	.area _DATA
   0000                      22 _student_idle_back::
   0000                      23 	.ds 128
                             24 ;--------------------------------------------------------
                             25 ; overlayable items in internal ram 
                             26 ;--------------------------------------------------------
                             27 	.area _OVERLAY
                             28 ;--------------------------------------------------------
                             29 ; indirectly addressable internal ram data
                             30 ;--------------------------------------------------------
                             31 	.area _ISEG
                             32 ;--------------------------------------------------------
                             33 ; bit data
                             34 ;--------------------------------------------------------
                             35 	.area _BSEG
                             36 ;--------------------------------------------------------
                             37 ; external ram data
                             38 ;--------------------------------------------------------
                             39 	.area _XSEG
                             40 ;--------------------------------------------------------
                             41 ; global & static initialisations
                             42 ;--------------------------------------------------------
                             43 	.area _GSINIT
                             44 	.area _GSFINAL
                             45 	.area _GSINIT
                             46 ;	assets/sprites/student_idle_back.c 26
                             47 ;	assets/sprites/student_idle_back.c 45
                             48 ;	genArrayInit
                             49 ; _saveRegsForCall: sendSetSize: 0 deInUse: 0 bcInUse: 0 deSending: 0
   0000 21 00 00             50 	ld	hl,#_student_idle_back
   0003 CD 00 00             51 	call	__initrleblock
   0006 02                   52 	.db	2
   0007 0F 0F                53 	.db	0x0F, 0x0F
   0009 FB 1F                54 	.db	-5,0x1F
   000B 1B                   55 	.db	27
   000C 0F 1F 07 0F 00 07    56 	.db	0x0F, 0x1F, 0x07, 0x0F, 0x00, 0x07, 0x00, 0x00
        00 00
   0014 3F 00 3F 20 1F 20    57 	.db	0x3F, 0x00, 0x3F, 0x20, 0x1F, 0x20, 0x1F, 0x7F
        1F 7F
   001C 1F 60 1F 00 1F 1F    58 	.db	0x1F, 0x60, 0x1F, 0x00, 0x1F, 0x1F, 0x1F, 0x3F
        1F 3F
   0024 3F F0 F0             59 	.db	0x3F, 0xF0, 0xF0
   0027 FB F8                60 	.db	-5,0xF8
   0029 1B                   61 	.db	27
   002A F0 F8 E0 F0 00 E0    62 	.db	0xF0, 0xF8, 0xE0, 0xF0, 0x00, 0xE0, 0x00, 0x00
        00 00
   0032 F8 00 FC 00 FC 04    63 	.db	0xF8, 0x00, 0xFC, 0x00, 0xFC, 0x04, 0xF8, 0xFE
        F8 FE
   003A F8 06 F8 00 F8 F8    64 	.db	0xF8, 0x06, 0xF8, 0x00, 0xF8, 0xF8, 0xF8, 0xFC
        F8 FC
   0042 FC 0F 0F             65 	.db	0xFC, 0x0F, 0x0F
   0045 FB 1F                66 	.db	-5,0x1F
   0047 1B                   67 	.db	27
   0048 0F 1F 07 0F 00 00    68 	.db	0x0F, 0x1F, 0x07, 0x0F, 0x00, 0x00, 0x3F, 0x00
        3F 00
   0050 3F 20 1F 20 1F 60    69 	.db	0x3F, 0x20, 0x1F, 0x20, 0x1F, 0x60, 0x1F, 0x7F
        1F 7F
   0058 1F 00 1F 00 1F 1F    70 	.db	0x1F, 0x00, 0x1F, 0x00, 0x1F, 0x1F, 0x1F, 0x3F
        1F 3F
   0060 3F F0 F0             71 	.db	0x3F, 0xF0, 0xF0
   0063 FB F8                72 	.db	-5,0xF8
   0065 19                   73 	.db	25
   0066 F0 F8 E0 F0 00 00    74 	.db	0xF0, 0xF8, 0xE0, 0xF0, 0x00, 0x00, 0xFC, 0x00
        FC 00
   006E FC 04 F8 04 F8 06    75 	.db	0xFC, 0x04, 0xF8, 0x04, 0xF8, 0x06, 0xF8, 0xFE
        F8 FE
   0076 F8 00 F8 00 F8 F8    76 	.db	0xF8, 0x00, 0xF8, 0x00, 0xF8, 0xF8, 0xF8, 0xFC
        F8 FC
   007E FC                   77 	.db	0xFC
   007F 00                   78 	.db	0
                             79 ;--------------------------------------------------------
                             80 ; Home
                             81 ;--------------------------------------------------------
                             82 	.area _HOME
                             83 	.area _CODE
                             84 ;--------------------------------------------------------
                             85 ; code
                             86 ;--------------------------------------------------------
                             87 	.area _CODE
                             88 	.area _CODE
ASxxxx Assembler V01.75  (GameBoy Z80-like CPU), page 1.

Symbol Table

    __initrleblock                     **** GX
  1 _student_idle_back                 0000 GR

ASxxxx Assembler V01.75  (GameBoy Z80-like CPU), page 2.

Area Table

   0 _CODE                              size    0   flags 0
   1 _DATA                              size   80   flags 0
   2 _OVERLAY                           size    0   flags 0
   3 _ISEG                              size    0   flags 0
   4 _BSEG                              size    0   flags 0
   5 _XSEG                              size    0   flags 0
   6 _GSINIT                            size   80   flags 0
   7 _GSFINAL                           size    0   flags 0
   8 _HOME                              size    0   flags 0
